================================================================================================
                            openQHA 02d -- may nu_k replace omega_i?
                        dsgdb9nsd_000018  tag 02d_prod  setting default
================================================================================================


------------------------------------------------------------------------------------------------
the four stages, per basin (expanded)
------------------------------------------------------------------------------------------------
    example................................... 02d
    species................................... dsgdb9nsd_000018
    tag....................................... 02d_prod
    temperature............................... 298.15 K
    engine.................................... MACE-OFF23_medium
  provenance:
      engine.................................. MACE-OFF23_medium
      source.................................. https://arxiv.org/abs/2312.15211
      note:
          PRODUCTION DEFAULT since 2026-09-03 (S0-A-16). Most widely used member of the family;
          closest lineage to stage 2 surface.
      weights path:
          /mnt/c/Users/10704/Documents/01_Free-Energy-alchemical/openQHA/data/potentials/MACE-OFF23_medium.model
      bytes................................... 18350596
      interface............................... mace.calculators.MACECalculator
      mace torch version...................... 0.3.16
      mace module path:
          /home/ubuntu/anaconda3/envs/openqha/lib/python3.11/site-packages/mace/__init__.py
      torch version........................... 2.12.1
      dtype................................... float64
    neighbour_list_patch:
        applied............................... yes
        sites: [3 items]
          [0]................................. mace.data.neighborhood.get_neighborhood
          [1]................................. mace.data.get_neighborhood
          [2]................................. mace.data.atomic_data.get_neighborhood
        error................................. -
        what.................................. centre atoms before the neighbour search (aperiodic systems only)
        why:
            an origin-anchored search box loses neighbours far from the origin; see `installed`
            for whether the MACE actually loaded has that defect
      installed:
          module path:
              /home/ubuntu/anaconda3/envs/openqha/lib/python3.11/site-packages/mace/data/neighborhood.py
          sha256.............................. 310af63c0c5b8f5f22dd931107dee6eab8b2ef79fbd3eb27c901d45d01dfb1b4
          sizing.............................. radial max|positions| (translation invariant)
          defect present...................... no
          n edges............................. 12
          error............................... -
          probe shift......................... -8 A
    nu cuts cm: [4 entries]
      25 50 100 150
    min block overlap......................... 0.7
  basins:
    0:
        basin index........................... 0
        sigma................................. 2
        electronic degeneracy................. 1
      harmonic_limit:
          hessian asymmetry................... 2.842171e-14 eV/A^2
          projection agreement cm............. 0
          omega cm: [24 entries]
            79.703789 136.341393 374.525912 486.948044 537.603696 804.972386 884.16206
            895.602229 1077.545034 1116.746026 1241.134329 1384.932497 1397.005282 1455.489146
            1459.889184 1464.576964 1480.908498 1818.791022 3062.835789 3065.978857 3116.405517
            3121.40756 3180.488037 3182.595882
          masses / amu: [10 entries]
            12.011 12.011 15.999 12.011 1.008 1.008 1.008 1.008 1.008 1.008
          frames per dof: [7 entries]
            8.333333 20.833333 41.666667 104.166667 208.333333 520.833333 2083.333333
        rows:
          200:
              label........................... harmonic_200
            match:
                n modes....................... 24
                degeneracy gap cm............. 20
                n blocks...................... 16
                block sizes: [16 entries]
                  1 1 1 1 1 1 2 1 1 1 2 4 1 2 2 2
                pairing: [24 entries]
                  0 1 2 3 4 6 5 7 9 8 11 10 15 14 12 13 17 16 21 18 20 23 22 22
                max overlap: [24 entries]
                  0.998163 0.99817 0.912504 0.875902 0.919446 0.626458 0.809072 0.597829
                  0.568125 0.458654 0.694064 0.403035 0.581947 0.465593 0.396358 0.586646
                  0.766669 0.369485 0.644191 0.653048 0.718855 0.640719 0.549007 0.333565
                block overlap: [24 entries]
                  0.998163 0.99817 0.912504 0.875902 0.919446 0.815256 0.809072 0.897063
                  0.568125 0.458654 0.701182 0.403035 0.813932 0.712704 0.412648 0.848929
                  0.766669 0.531285 0.67443 0.843485 0.862735 0.72254 0.554126 0.489637
                delta cm: [24 entries]
                  0.199048 -9.362227 35.389473 -33.04768 -35.399421 -126.850396 3.809753
                  20.719144 -105.81007 47.126904 -62.87686 147.865045 -32.389921 65.022347
                  185.700184 187.934589 103.654891 546.744822 -278.562196 -54.10755 46.830104
                  397.212479 451.353534 860.658899
                min max overlap............... 0.333565
                min block overlap............. 0.403035
                n duplicate pairings.......... 1
                max row sum deviation......... 0.000244
              signed_deviation_by_band:
                below_500:
                    n......................... 4
                    mean cm................... -1.705347
                    rms cm.................... 24.658948
                    max abs cm................ 35.389473
                500_to_1500:
                    n......................... 13
                    mean cm................... 64.738163
                    rms cm.................... 182.08897
                    max abs cm................ 546.744822
                above_1500:
                    n......................... 7
                    mean cm................... 218.148594
                    rms cm.................... 413.295713
                    max abs cm................ 860.658899
                mean signed deviation cm...... 98.408954
                rms deviation cm.............. 260.541007
            from_qha:
                n modes....................... 24
                n dropped..................... 0
                ZPE........................... 56.186326 kcal/mol
                E vib......................... 57.788765 kcal/mol
                TS............................ 2.998782 kcal/mol
                A vib......................... 54.789983 kcal/mol
                lowest cm..................... 79.902838
                highest cm.................... 4041.146937
            from_hessian:
                n modes....................... 24
                n dropped..................... 0
                ZPE........................... 52.646244 kcal/mol
                E vib......................... 54.216095 kcal/mol
                TS............................ 2.929763 kcal/mol
                A vib......................... 51.286332 kcal/mol
                lowest cm..................... 79.703789
                highest cm.................... 3182.595882
            delta:
                ZPE........................... 3.540082 kcal/mol
                E vib......................... 3.57267 kcal/mol
                TS............................ 0.069018 kcal/mol
                A vib......................... 3.503652 kcal/mol
          500:
              label........................... harmonic_500
            match:
                n modes....................... 24
                degeneracy gap cm............. 20
                n blocks...................... 16
                block sizes: [16 entries]
                  1 1 1 1 1 1 2 1 1 1 2 4 1 2 2 2
                pairing: [24 entries]
                  0 1 2 3 4 5 6 7 8 9 10 11 11 13 12 16 14 17 21 18 20 19 23 22
                max overlap: [24 entries]
                  0.999648 0.998148 0.944543 0.949312 0.989015 0.92988 0.639692 0.58929 0.55705
                  0.553067 0.520267 0.293317 0.274173 0.489582 0.584457 0.372148 0.591749
                  0.782629 0.466316 0.527323 0.564742 0.542635 0.788847 0.747039
                block overlap: [24 entries]
                  0.999648 0.998148 0.944543 0.949312 0.989015 0.92988 0.936925 0.927294
                  0.55705 0.553067 0.520267 0.30558 0.274286 0.759225 0.670988 0.840656
                  0.791585 0.782629 0.51733 0.527579 0.570158 0.544874 0.788994 0.765668
                delta cm: [24 entries]
                  0.425762 -3.264578 4.040873 -19.453823 8.172787 -10.194145 -36.335552
                  6.147317 -9.586784 -10.592529 52.320625 -60.045451 -34.420382 17.751915
                  119.152696 104.169139 144.553623 46.259211 -197.72347 62.621547 69.005213
                  181.787351 260.217959 380.843777
                min max overlap............... 0.274173
                min block overlap............. 0.274286
                n duplicate pairings.......... 1
                max row sum deviation......... 5.629485e-05
              signed_deviation_by_band:
                below_500:
                    n......................... 4
                    mean cm................... -4.562942
                    rms cm.................... 10.069988
                    max abs cm................ 19.453823
                500_to_1500:
                    n......................... 13
                    mean cm................... 22.391789
                    rms cm.................... 65.351126
                    max abs cm................ 144.553623
                above_1500:
                    n......................... 7
                    mean cm................... 114.715941
                    rms cm.................... 205.537509
                    max abs cm................ 380.843777
                mean signed deviation cm...... 44.827212
                rms deviation cm.............. 121.044981
            from_qha:
                n modes....................... 24
                n dropped..................... 0
                ZPE........................... 54.070395 kcal/mol
                E vib......................... 55.65136 kcal/mol
                TS............................ 2.952363 kcal/mol
                A vib......................... 52.698996 kcal/mol
                lowest cm..................... 80.129552
                highest cm.................... 3561.331814
            from_hessian:
                n modes....................... 24
                n dropped..................... 0
                ZPE........................... 52.646244 kcal/mol
                E vib......................... 54.216095 kcal/mol
                TS............................ 2.929763 kcal/mol
                A vib......................... 51.286332 kcal/mol
                lowest cm..................... 79.703789
                highest cm.................... 3182.595882
            delta:
                ZPE........................... 1.424151 kcal/mol
                E vib......................... 1.435264 kcal/mol
                TS............................ 0.0226 kcal/mol
                A vib......................... 1.412665 kcal/mol
          1000:
              label........................... harmonic_1000
            match:
                n modes....................... 24
                degeneracy gap cm............. 20
                n blocks...................... 16
                block sizes: [16 entries]
                  1 1 1 1 1 1 2 1 1 1 2 4 1 2 2 2
                pairing: [24 entries]
                  0 1 2 3 4 5 6 7 8 9 10 13 11 12 16 14 16 17 21 20 18 22 19 22
                max overlap: [24 entries]
                  0.999799 0.999083 0.997232 0.992849 0.992988 0.902572 0.877328 0.939959
                  0.90931 0.955479 0.79915 0.371017 0.511234 0.477008 0.489286 0.641991 0.38087
                  0.936126 0.505418 0.739309 0.505847 0.331782 0.493182 0.640242
                block overlap: [24 entries]
                  0.999799 0.999083 0.997232 0.992849 0.992988 0.902572 0.910417 0.96627
                  0.90931 0.955479 0.79915 0.507686 0.569634 0.51013 0.838168 0.84438 0.849213
                  0.936126 0.704923 0.883199 0.585999 0.597483 0.499464 0.774987
                delta cm: [24 entries]
                  1.878606 -2.155335 7.588803 -8.705384 9.023111 3.53827 -23.905587 -8.256761
                  -1.674591 -13.055904 9.57653 -109.64676 6.095974 56.376171 6.581048 50.656248
                  68.666176 23.280407 -157.241615 -48.640006 128.709398 13.656535 314.318392
                  241.27518
                min max overlap............... 0.331782
                min block overlap............. 0.499464
                n duplicate pairings.......... 2
                max row sum deviation......... 7.709072e-06
              signed_deviation_by_band:
                below_500:
                    n......................... 4
                    mean cm................... -0.348327
                    rms cm.................... 5.948703
                    max abs cm................ 8.705384
                500_to_1500:
                    n......................... 13
                    mean cm................... 4.151841
                    rms cm.................... 42.571942
                    max abs cm................ 109.64676
                above_1500:
                    n......................... 7
                    mean cm................... 73.622613
                    rms cm.................... 169.619375
                    max abs cm................ 314.318392
                mean signed deviation cm...... 23.664121
                rms deviation cm.............. 96.845558
            from_qha:
                n modes....................... 24
                n dropped..................... 0
                ZPE........................... 53.478487 kcal/mol
                E vib......................... 55.047531 kcal/mol
                TS............................ 2.921997 kcal/mol
                A vib......................... 52.125534 kcal/mol
                lowest cm..................... 81.582396
                highest cm.................... 3421.763218
            from_hessian:
                n modes....................... 24
                n dropped..................... 0
                ZPE........................... 52.646244 kcal/mol
                E vib......................... 54.216095 kcal/mol
                TS............................ 2.929763 kcal/mol
                A vib......................... 51.286332 kcal/mol
                lowest cm..................... 79.703789
                highest cm.................... 3182.595882
            delta:
                ZPE........................... 0.832243 kcal/mol
                E vib......................... 0.831436 kcal/mol
                TS............................ -0.007766 kcal/mol
                A vib......................... 0.839202 kcal/mol
          2500:
              label........................... harmonic_2500
            match:
                n modes....................... 24
                degeneracy gap cm............. 20
                n blocks...................... 16
                block sizes: [16 entries]
                  1 1 1 1 1 1 2 1 1 1 2 4 1 2 2 2
                pairing: [24 entries]
                  0 1 2 3 4 5 6 7 8 9 10 11 12 14 16 15 14 17 19 20 22 21 23 22
                max overlap: [24 entries]
                  0.998831 0.998702 0.997831 0.996614 0.994523 0.970603 0.749603 0.76527
                  0.772042 0.775508 0.933501 0.744553 0.667119 0.476359 0.456949 0.807307
                  0.436811 0.977761 0.330423 0.407891 0.260012 0.444615 0.425014 0.450602
                block overlap: [24 entries]
                  0.998831 0.998702 0.997831 0.996614 0.994523 0.970603 0.976396 0.983034
                  0.772042 0.775508 0.933501 0.819135 0.837602 0.835297 0.888502 0.981508
                  0.929778 0.977761 0.450312 0.421472 0.364812 0.569252 0.592677 0.67422
                delta cm: [24 entries]
                  0.2881 -0.064332 -1.982834 2.24016 4.256962 7.744684 -7.274392 2.682333
                  10.083882 0.906118 7.792566 -9.190451 15.092047 -3.745363 -5.361936 22.644816
                  41.529323 -18.782045 -76.682536 -35.387806 -39.253017 72.289289 90.4089
                  102.028414
                min max overlap............... 0.260012
                min block overlap............. 0.364812
                n duplicate pairings.......... 2
                max row sum deviation......... 8.830101e-07
              signed_deviation_by_band:
                below_500:
                    n......................... 4
                    mean cm................... 0.120273
                    rms cm.................... 1.503088
                    max abs cm................ 2.24016
                500_to_1500:
                    n......................... 13
                    mean cm................... 6.704661
                    rms cm.................... 14.920116
                    max abs cm................ 41.529323
                above_1500:
                    n......................... 7
                    mean cm................... 13.517314
                    rms cm.................... 68.489186
                    max abs cm................ 102.028414
                mean signed deviation cm...... 7.594287
                rms deviation cm.............. 38.588829
            from_qha:
                n modes....................... 24
                n dropped..................... 0
                ZPE........................... 53.081284 kcal/mol
                E vib......................... 54.646745 kcal/mol
                TS............................ 2.922672 kcal/mol
                A vib......................... 51.724073 kcal/mol
                lowest cm..................... 79.991889
                highest cm.................... 3282.516452
            from_hessian:
                n modes....................... 24
                n dropped..................... 0
                ZPE........................... 52.646244 kcal/mol
                E vib......................... 54.216095 kcal/mol
                TS............................ 2.929763 kcal/mol
                A vib......................... 51.286332 kcal/mol
                lowest cm..................... 79.703789
                highest cm.................... 3182.595882
            delta:
                ZPE........................... 0.43504 kcal/mol
                E vib......................... 0.43065 kcal/mol
                TS............................ -0.007091 kcal/mol
                A vib......................... 0.437741 kcal/mol
          5000:
              label........................... harmonic_5000
            match:
                n modes....................... 24
                degeneracy gap cm............. 20
                n blocks...................... 16
                block sizes: [16 entries]
                  1 1 1 1 1 1 2 1 1 1 2 4 1 2 2 2
                pairing: [24 entries]
                  0 1 2 3 4 5 6 7 8 9 10 11 12 13 14 16 13 17 19 20 18 21 23 23
                max overlap: [24 entries]
                  0.999817 0.999808 0.999422 0.998332 0.995776 0.982971 0.950155 0.95158
                  0.956588 0.960831 0.988066 0.94933 0.896048 0.539442 0.60403 0.61142 0.395419
                  0.993389 0.605299 0.574948 0.52498 0.753515 0.470559 0.461168
                block overlap: [24 entries]
                  0.999817 0.999808 0.999422 0.998332 0.995776 0.982971 0.988425 0.992143
                  0.956588 0.960831 0.988066 0.970377 0.915752 0.964728 0.988819 0.993761
                  0.933454 0.993389 0.695398 0.579924 0.572381 0.759919 0.860891 0.747215
                delta cm: [24 entries]
                  0.323209 -1.344625 -0.181193 1.843312 6.791914 0.050511 -12.110459 5.128496
                  0.881769 -0.86097 8.760752 -14.426034 5.679991 -9.765609 -6.584545 -13.548081
                  38.816411 -13.55867 -30.643805 -49.737669 35.044638 20.375713 22.820552
                  83.219483
                min max overlap............... 0.395419
                min block overlap............. 0.572381
                n duplicate pairings.......... 2
                max row sum deviation......... 2.518250e-06
              signed_deviation_by_band:
                below_500:
                    n......................... 4
                    mean cm................... 0.160176
                    rms cm.................... 1.155759
                    max abs cm................ 1.843312
                500_to_1500:
                    n......................... 13
                    mean cm................... 0.678011
                    rms cm.................... 13.492811
                    max abs cm................ 38.816411
                above_1500:
                    n......................... 7
                    mean cm................... 9.645749
                    rms cm.................... 42.571406
                    max abs cm................ 83.219483
                mean signed deviation cm...... 3.207295
                rms deviation cm.............. 25.048572
            from_qha:
                n modes....................... 24
                n dropped..................... 0
                ZPE........................... 52.746307 kcal/mol
                E vib......................... 54.314656 kcal/mol
                TS............................ 2.928755 kcal/mol
                A vib......................... 51.385901 kcal/mol
                lowest cm..................... 80.026998
                highest cm.................... 3265.815365
            from_hessian:
                n modes....................... 24
                n dropped..................... 0
                ZPE........................... 52.646244 kcal/mol
                E vib......................... 54.216095 kcal/mol
                TS............................ 2.929763 kcal/mol
                A vib......................... 51.286332 kcal/mol
                lowest cm..................... 79.703789
                highest cm.................... 3182.595882
            delta:
                ZPE........................... 0.100063 kcal/mol
                E vib......................... 0.098561 kcal/mol
                TS............................ -0.001008 kcal/mol
                A vib......................... 0.099569 kcal/mol
          12500:
              label........................... harmonic_12500
            match:
                n modes....................... 24
                degeneracy gap cm............. 20
                n blocks...................... 16
                block sizes: [16 entries]
                  1 1 1 1 1 1 2 1 1 1 2 4 1 2 2 2
                pairing: [24 entries]
                  0 1 2 3 4 5 6 7 8 9 10 11 12 14 16 13 15 17 19 20 18 21 22 23
                max overlap: [24 entries]
                  0.999956 0.999911 0.999786 0.998631 0.99843 0.998983 0.998383 0.997576
                  0.987415 0.988826 0.980161 0.908305 0.921219 0.536595 0.433781 0.907492
                  0.556957 0.99753 0.964463 0.707796 0.740388 0.459571 0.820038 0.74417
                block overlap: [24 entries]
                  0.999956 0.999911 0.999786 0.998631 0.99843 0.998983 0.998936 0.998111
                  0.987415 0.988826 0.980161 0.943867 0.963403 0.973535 0.969664 0.981841
                  0.99323 0.99753 0.965024 0.857794 0.74467 0.731129 0.978521 0.86725
                delta cm: [24 entries]
                  0.239418 -0.296336 -0.078427 -0.542299 8.12767 0.642005 -14.955503 2.906063
                  8.444155 -5.885287 6.772836 -12.49595 8.510326 -8.98271 -16.113831 15.482949
                  21.572768 2.200552 -11.980239 -40.839879 18.61193 7.213928 -10.746412
                  19.727412
                min max overlap............... 0.433781
                min block overlap............. 0.731129
                n duplicate pairings.......... 0
                max row sum deviation......... 1.400851e-06
              signed_deviation_by_band:
                below_500:
                    n......................... 4
                    mean cm................... -0.169411
                    rms cm.................... 0.333682
                    max abs cm................ 0.542299
                500_to_1500:
                    n......................... 13
                    mean cm................... 1.078884
                    rms cm.................... 11.517279
                    max abs cm................ 21.572768
                above_1500:
                    n......................... 7
                    mean cm................... -2.258958
                    rms cm.................... 19.709915
                    max abs cm................ 40.839879
                mean signed deviation cm...... -0.102703
                rms deviation cm.............. 13.607949
            from_qha:
                n modes....................... 24
                n dropped..................... 0
                ZPE........................... 52.64272 kcal/mol
                E vib......................... 54.210633 kcal/mol
                TS............................ 2.926021 kcal/mol
                A vib......................... 51.284612 kcal/mol
                lowest cm..................... 79.943208
                highest cm.................... 3202.323294
            from_hessian:
                n modes....................... 24
                n dropped..................... 0
                ZPE........................... 52.646244 kcal/mol
                E vib......................... 54.216095 kcal/mol
                TS............................ 2.929763 kcal/mol
                A vib......................... 51.286332 kcal/mol
                lowest cm..................... 79.703789
                highest cm.................... 3182.595882
            delta:
                ZPE........................... -0.003524 kcal/mol
                E vib......................... -0.005462 kcal/mol
                TS............................ -0.003742 kcal/mol
                A vib......................... -0.00172 kcal/mol
          50000:
              label........................... harmonic_50000
            match:
                n modes....................... 24
                degeneracy gap cm............. 20
                n blocks...................... 16
                block sizes: [16 entries]
                  1 1 1 1 1 1 2 1 1 1 2 4 1 2 2 2
                pairing: [24 entries]
                  0 1 2 3 4 5 6 7 8 9 10 11 12 13 14 14 16 17 19 18 20 21 22 23
                max overlap: [24 entries]
                  0.999997 0.999983 0.999872 0.99934 0.999322 0.99971 0.993253 0.994152
                  0.976365 0.975698 0.99834 0.995099 0.989308 0.773545 0.426839 0.498549
                  0.93277 0.998837 0.721516 0.731393 0.952928 0.879179 0.976815 0.944163
                block overlap: [24 entries]
                  0.999997 0.999983 0.999872 0.99934 0.999322 0.99971 0.998904 0.999807
                  0.976365 0.975698 0.99834 0.995269 0.989427 0.996018 0.996177 0.993124
                  0.998307 0.998837 0.939029 0.964358 0.971397 0.897237 0.988935 0.956325
                delta cm: [24 entries]
                  0.265546 0.268664 -0.966469 -0.924333 0.622871 1.598719 -0.79199 -1.702023
                  -2.945902 -0.17086 -1.104152 -4.499067 -3.354038 0.113455 0.204746 8.90004
                  2.847478 4.903186 0.646103 16.161018 -10.950045 -3.997099 -11.138129 0.564093
                min max overlap............... 0.426839
                min block overlap............. 0.897237
                n duplicate pairings.......... 1
                max row sum deviation......... 8.866763e-07
              signed_deviation_by_band:
                below_500:
                    n......................... 4
                    mean cm................... -0.339148
                    rms cm.................... 0.694829
                    max abs cm................ 0.966469
                500_to_1500:
                    n......................... 13
                    mean cm................... -0.021594
                    rms cm.................... 3.225613
                    max abs cm................ 8.90004
                above_1500:
                    n......................... 7
                    mean cm................... -0.544411
                    rms cm.................... 8.8309
                    max abs cm................ 16.161018
                mean signed deviation cm...... -0.227008
                rms deviation cm.............. 5.334964
            from_qha:
                n modes....................... 24
                n dropped..................... 0
                ZPE........................... 52.631754 kcal/mol
                E vib......................... 54.20212 kcal/mol
                TS............................ 2.928587 kcal/mol
                A vib......................... 51.273533 kcal/mol
                lowest cm..................... 79.969335
                highest cm.................... 3183.159975
            from_hessian:
                n modes....................... 24
                n dropped..................... 0
                ZPE........................... 52.646244 kcal/mol
                E vib......................... 54.216095 kcal/mol
                TS............................ 2.929763 kcal/mol
                A vib......................... 51.286332 kcal/mol
                lowest cm..................... 79.703789
                highest cm.................... 3182.595882
            delta:
                ZPE........................... -0.01449 kcal/mol
                E vib......................... -0.013975 kcal/mol
                TS............................ -0.001177 kcal/mol
                A vib......................... -0.012798 kcal/mol
      real:
          trajectory:
              /home/ubuntu/runs/openQHA/02d_prod/1_16000/1_1000/dsgdb9nsd_000018/md_openmm/basin00
        meta:
            status............................ NORMAL TERMINATION
            qm9 index......................... dsgdb9nsd_000018
            basin index....................... 0
            route............................. openmm
            setting........................... default
            engine name....................... MACE-OFF23_medium
            seed.............................. 1269035609
            seed formula...................... drawn at run time (seed0=0; recorded here)
            thermostat:
                openmmtools Nose-Hoover chain
                (openmmtools.integrators.NoseHooverChainVelocityVerletIntegrator)
            thermostat tdamp fs............... 20
            thermostat chain length........... 5
            timestep fs....................... 1
            hydrogen mass..................... 1.008 amu
            source............................ openQHA.branchB.openmm_nose_hoover
            ensemble.......................... canonical (Nose-Hoover chain, OpenMM)
            temperature....................... 298.15 K
            sample every steps................ 2
            frame spacing fs.................. 2
            platform.......................... CPU
            centre of mass pinned to origin... no
            geometry source:
                branch A basins:
                /home/ubuntu/runs/openQHA/02d_prod/1_16000/1_1000/dsgdb9nsd_000018/mace
            engine folder:
                /home/ubuntu/runs/openQHA/02d_prod/1_16000/1_1000/dsgdb9nsd_000018/md_openmm/basin00
            equilibration done................ yes
          equilibration:
              ps.............................. 1
              wall............................ 93.305297 s
              temperature second half......... 298.083151 K
              drift kJ........................ -2.869001
          production:
              n frames........................ 2500
              n target........................ 2500
              complete........................ yes
              ps.............................. 5
              wall............................ 790.727967 s
              seconds per ps.................. 158.145593
              seconds per ps this run......... 158.145593
              temperature mean................ 289.644251 K
              temperature deviation........... -8.505749 K
              centre of mass drift............ 20.660895 A
              stopped on wall budget.......... no
              resumed......................... no
              n frames already on disk........ 0
            segments: [1 items]
            [0]:
                seed.......................... 1269035609
                frames from................... 0
                frames to..................... 2500
            symbols: [10 items]
              [0]............................. C
              [1]............................. C
              [2]............................. O
              [3]............................. C
              [4]............................. H
              [5]............................. H
              [6]............................. H
              [7]............................. H
              [8]............................. H
              [9]............................. H
            masses / amu: [10 entries]
              12.011 12.011 15.999 12.011 1.008 1.008 1.008 1.008 1.008 1.008
          force_check_against_ase:
              agrees.......................... yes
              delta energy.................... 0 eV
              max delta force eV per.......... 1.372001e-14 A
        rows:
          1.0ps:
              label........................... real_500
            match:
                n modes....................... 24
                degeneracy gap cm............. 20
                n blocks...................... 16
                block sizes: [16 entries]
                  1 1 1 1 1 1 2 1 1 1 2 4 1 2 2 2
                pairing: [24 entries]
                  19 18 0 18 4 3 10 8 2 6 17 7 16 6 5 5 12 22 16 23 21 11 21 14
                max overlap: [24 entries]
                  0.651591 0.304263 0.571645 0.430042 0.762502 0.505101 0.789995 0.310718
                  0.535471 0.490815 0.964809 0.370734 0.267882 0.242941 0.421307 0.423153
                  0.296848 0.493586 0.281996 0.353482 0.257362 0.354116 0.375929 0.425257
                block overlap: [24 entries]
                  0.665936 0.451894 0.571645 0.461478 0.762502 0.505101 0.789995 0.310718
                  0.535471 0.635194 0.964809 0.377082 0.295286 0.304417 0.421307 0.423153
                  0.424828 0.501874 0.33764 0.364959 0.497441 0.618907 0.504993 0.562007
                delta cm: [24 entries]
                  -3010.035443 -2991.070603 3.902559 -2948.128529 31.719815 141.497623
                  -531.302162 -272.371278 486.058118 46.625287 -740.200493 203.759469
                  -16.095016 667.615409 865.606438 1048.735584 520.193415 -1076.076131
                  714.040539 -773.01983 -370.985745 1532.180618 147.023502 2355.831624
                min max overlap............... 0.242941
                min block overlap............. 0.295286
                n duplicate pairings.......... 5
                max row sum deviation......... 0.057778
              signed_deviation_by_band:
                below_500:
                    n......................... 3
                    mean cm................... 210.4861
                    rms cm.................... 292.28371
                    max abs cm................ 486.058118
                500_to_1500:
                    n......................... 13
                    mean cm................... 551.272288
                    rms cm.................... 935.382746
                    max abs cm................ 2355.831624
                above_1500:
                    n......................... 8
                    mean cm................... -1470.311659
                    rms cm.................... 1909.218464
                    max abs cm................ 3010.035443
                mean signed deviation cm...... -165.187301
                rms deviation cm.............. 1303.703729
            from_qha:
                n modes....................... 24
                n dropped..................... 0
                ZPE........................... 49.930389 kcal/mol
                E vib......................... 52.297197 kcal/mol
                TS............................ 5.232747 kcal/mol
                A vib......................... 47.06445 kcal/mol
                lowest cm..................... 55.943415
                highest cm.................... 3815.720808
            from_hessian:
                n modes....................... 24
                n dropped..................... 0
                ZPE........................... 52.646244 kcal/mol
                E vib......................... 54.216095 kcal/mol
                TS............................ 2.929763 kcal/mol
                A vib......................... 51.286332 kcal/mol
                lowest cm..................... 79.703789
                highest cm.................... 3182.595882
            delta:
                ZPE........................... -2.715854 kcal/mol
                E vib......................... -1.918898 kcal/mol
                TS............................ 2.302984 kcal/mol
                A vib......................... -4.221882 kcal/mol
              n frames........................ 500
              ps.............................. 1
            residence:
                n frames...................... 500
                n torsional cvs............... 2
              cv_diagnostics:
                  n atoms..................... 10
                  n bonds..................... 9
                  n ring bonds................ 0
                  skipped: [1 items]
                  [0]:
                      bond: [2 entries]
                        1 2
                      reason:
                          bond-length ratio 0.869 < 0.93 -- judged a multiple bond, not
                          rotatable (**a heuristic, not bond-order analysis**)
                  tolerance................... 1.25
                  rule:
                      acyclic, not a multiple bond (by the bond-length heuristic), heavy atoms
                      at both ends, another neighbour at each end; **heavy-atom degree greater
                      than one is NOT required**, so terminal rotors are kept
                distinct basin crossings...... 0
                symmetry equivalent crossings.. 7
                stayed in one basin........... yes
                covariance is single gaussian.. no
                rotors: [2 rows]
                  periodicity  n_wells  symmetric                         kind  distinct_basin_crossings  symmetry_equivalent_crossings  wells_visited  angle_std_deg
                                                                                                                                                                     
                            3        3        yes  methyl-type symmetric rotor                         0                              2              3      74.382234
                            3        3        yes  methyl-type symmetric rotor                         0                              5              3      81.398602
                commit fraction............... 0.25
                note:
                    distinct_basin_crossings > 0: this is NOT an intra-basin entropy. The
                    covariance contains the displacement between two minima and T*S is inflated.
                    | symmetry_equivalent_crossings > 0: the end state is indistinguishable and
                    the conformer count is unaffected, but the atoms moved, so the CARTESIAN
                    covariance is still inflated. A heavy-atom analysis drops exactly the atoms
                    that do this.
          2.0ps:
              label........................... real_1000
            match:
                n modes....................... 24
                degeneracy gap cm............. 20
                n blocks...................... 16
                block sizes: [16 entries]
                  1 1 1 1 1 1 2 1 1 1 2 4 1 2 2 2
                pairing: [24 entries]
                  19 0 1 18 4 2 3 10 10 7 8 17 16 6 20 5 12 13 23 12 20 21 11 14
                max overlap: [24 entries]
                  0.629989 0.827415 0.350002 0.419238 0.822845 0.661856 0.471479 0.486652
                  0.344076 0.279402 0.164518 0.926493 0.199069 0.28044 0.22452 0.862905
                  0.298714 0.30347 0.353067 0.273628 0.271676 0.491792 0.479189 0.373743
                block overlap: [24 entries]
                  0.66922 0.827415 0.350002 0.434002 0.822845 0.661856 0.471479 0.486652
                  0.344076 0.281129 0.164518 0.926493 0.283081 0.416467 0.236694 0.862905
                  0.306941 0.395478 0.380658 0.30255 0.307626 0.491863 0.505416 0.534795
                delta cm: [24 entries]
                  -3011.643191 -8.847885 -58.182166 -2958.783668 -65.830597 195.5487 188.756826
                  -547.490679 -471.338357 96.848154 -59.058901 -719.965029 -280.855044
                  516.868474 -1576.423365 895.066071 684.669962 648.52922 -760.526655
                  1088.447053 -397.065417 -187.431399 1703.316471 2136.762067
                min max overlap............... 0.164518
                min block overlap............. 0.164518
                n duplicate pairings.......... 3
                max row sum deviation......... 0.078985
              signed_deviation_by_band:
                below_500:
                    n......................... 4
                    mean cm................... 79.318869
                    rms cm.................... 139.043054
                    max abs cm................ 195.5487
                500_to_1500:
                    n......................... 13
                    mean cm................... 488.148761
                    rms cm.................... 929.325734
                    max abs cm................ 2136.762067
                above_1500:
                    n......................... 7
                    mean cm................... -1373.119818
                    rms cm.................... 1756.581422
                    max abs cm................ 3011.643191
                mean signed deviation cm...... -122.859556
                rms deviation cm.............. 1170.893214
            from_qha:
                n modes....................... 24
                n dropped..................... 0
                ZPE........................... 48.42058 kcal/mol
                E vib......................... 50.930177 kcal/mol
                TS............................ 5.527176 kcal/mol
                A vib......................... 45.403001 kcal/mol
                lowest cm..................... 54.335667
                highest cm.................... 3596.651251
            from_hessian:
                n modes....................... 24
                n dropped..................... 0
                ZPE........................... 52.646244 kcal/mol
                E vib......................... 54.216095 kcal/mol
                TS............................ 2.929763 kcal/mol
                A vib......................... 51.286332 kcal/mol
                lowest cm..................... 79.703789
                highest cm.................... 3182.595882
            delta:
                ZPE........................... -4.225664 kcal/mol
                E vib......................... -3.285918 kcal/mol
                TS............................ 2.597413 kcal/mol
                A vib......................... -5.883331 kcal/mol
              n frames........................ 1000
              ps.............................. 2
            residence:
                n frames...................... 1000
                n torsional cvs............... 2
              cv_diagnostics:
                  n atoms..................... 10
                  n bonds..................... 9
                  n ring bonds................ 0
                  skipped: [1 items]
                  [0]:
                      bond: [2 entries]
                        1 2
                      reason:
                          bond-length ratio 0.869 < 0.93 -- judged a multiple bond, not
                          rotatable (**a heuristic, not bond-order analysis**)
                  tolerance................... 1.25
                  rule:
                      acyclic, not a multiple bond (by the bond-length heuristic), heavy atoms
                      at both ends, another neighbour at each end; **heavy-atom degree greater
                      than one is NOT required**, so terminal rotors are kept
                distinct basin crossings...... 0
                symmetry equivalent crossings.. 13
                stayed in one basin........... yes
                covariance is single gaussian.. no
                rotors: [2 rows]
                  periodicity  n_wells  symmetric                         kind  distinct_basin_crossings  symmetry_equivalent_crossings  wells_visited  angle_std_deg
                                                                                                                                                                     
                            3        3        yes  methyl-type symmetric rotor                         0                              2              3      86.717168
                            3        3        yes  methyl-type symmetric rotor                         0                             11              3      84.507591
                commit fraction............... 0.25
                note:
                    distinct_basin_crossings > 0: this is NOT an intra-basin entropy. The
                    covariance contains the displacement between two minima and T*S is inflated.
                    | symmetry_equivalent_crossings > 0: the end state is indistinguishable and
                    the conformer count is unaffected, but the atoms moved, so the CARTESIAN
                    covariance is still inflated. A heavy-atom analysis drops exactly the atoms
                    that do this.
          3.0ps:
              label........................... real_1500
            match:
                n modes....................... 24
                degeneracy gap cm............. 20
                n blocks...................... 16
                block sizes: [16 entries]
                  1 1 1 1 1 1 2 1 1 1 2 4 1 2 2 2
                pairing: [24 entries]
                  19 0 18 1 4 4 10 3 10 7 9 3 17 22 5 7 6 12 23 11 20 12 21 14
                max overlap: [24 entries]
                  0.521722 0.875994 0.437785 0.379713 0.437415 0.363104 0.284864 0.406916
                  0.577554 0.354014 0.247173 0.336297 0.945342 0.284469 0.640912 0.220919
                  0.195359 0.297343 0.242932 0.702729 0.329195 0.317905 0.528948 0.629908
                block overlap: [24 entries]
                  0.573689 0.875994 0.655583 0.379713 0.437415 0.363104 0.284864 0.406916
                  0.577554 0.359351 0.247173 0.336297 0.945342 0.360752 0.640912 0.221061
                  0.249559 0.324363 0.304116 0.702732 0.343786 0.381551 0.534176 0.722249
                delta cm: [24 entries]
                  -3006.71234 6.226059 -2973.362277 -39.063607 -71.062835 -62.441189
                  -548.495425 251.942959 -439.217225 -33.503059 -50.923963 658.277504 -633.2464
                  -1745.738695 659.743898 767.809591 856.71071 834.559494 -800.149674
                  1139.941163 -558.950725 1378.722822 -119.217386 1732.628346
                min max overlap............... 0.195359
                min block overlap............. 0.221061
                n duplicate pairings.......... 5
                max row sum deviation......... 0.082837
              signed_deviation_by_band:
                below_500:
                    n......................... 4
                    mean cm................... 219.345729
                    rms cm.................... 352.976365
                    max abs cm................ 658.277504
                500_to_1500:
                    n......................... 13
                    mean cm................... 474.190179
                    rms cm.................... 839.597127
                    max abs cm................ 1732.628346
                above_1500:
                    n......................... 7
                    mean cm................... -1405.339643
                    rms cm.................... 1784.724273
                    max abs cm................ 3006.71234
                mean signed deviation cm...... -116.480094
                rms deviation cm.............. 1153.961614
            from_qha:
                n modes....................... 24
                n dropped..................... 0
                ZPE........................... 46.798904 kcal/mol
                E vib......................... 49.310973 kcal/mol
                TS............................ 5.377488 kcal/mol
                A vib......................... 43.933486 kcal/mol
                lowest cm..................... 59.266517
                highest cm.................... 3192.51753
            from_hessian:
                n modes....................... 24
                n dropped..................... 0
                ZPE........................... 52.646244 kcal/mol
                E vib......................... 54.216095 kcal/mol
                TS............................ 2.929763 kcal/mol
                A vib......................... 51.286332 kcal/mol
                lowest cm..................... 79.703789
                highest cm.................... 3182.595882
            delta:
                ZPE........................... -5.84734 kcal/mol
                E vib......................... -4.905122 kcal/mol
                TS............................ 2.447724 kcal/mol
                A vib......................... -7.352846 kcal/mol
              n frames........................ 1500
              ps.............................. 3
            residence:
                n frames...................... 1500
                n torsional cvs............... 2
              cv_diagnostics:
                  n atoms..................... 10
                  n bonds..................... 9
                  n ring bonds................ 0
                  skipped: [1 items]
                  [0]:
                      bond: [2 entries]
                        1 2
                      reason:
                          bond-length ratio 0.869 < 0.93 -- judged a multiple bond, not
                          rotatable (**a heuristic, not bond-order analysis**)
                  tolerance................... 1.25
                  rule:
                      acyclic, not a multiple bond (by the bond-length heuristic), heavy atoms
                      at both ends, another neighbour at each end; **heavy-atom degree greater
                      than one is NOT required**, so terminal rotors are kept
                distinct basin crossings...... 0
                symmetry equivalent crossings.. 20
                stayed in one basin........... yes
                covariance is single gaussian.. no
                rotors: [2 rows]
                  periodicity  n_wells  symmetric                         kind  distinct_basin_crossings  symmetry_equivalent_crossings  wells_visited  angle_std_deg
                                                                                                                                                                     
                            3        3        yes  methyl-type symmetric rotor                         0                              2              3      77.944636
                            3        3        yes  methyl-type symmetric rotor                         0                             18              3      71.796762
                commit fraction............... 0.25
                note:
                    distinct_basin_crossings > 0: this is NOT an intra-basin entropy. The
                    covariance contains the displacement between two minima and T*S is inflated.
                    | symmetry_equivalent_crossings > 0: the end state is indistinguishable and
                    the conformer count is unaffected, but the atoms moved, so the CARTESIAN
                    covariance is still inflated. A heavy-atom analysis drops exactly the atoms
                    that do this.
          4.0ps:
              label........................... real_2000
            match:
                n modes....................... 24
                degeneracy gap cm............. 20
                n blocks...................... 16
                block sizes: [16 entries]
                  1 1 1 1 1 1 2 1 1 1 2 4 1 2 2 2
                pairing: [24 entries]
                  1 19 18 0 2 4 10 3 10 10 9 3 17 5 6 7 23 12 13 16 11 15 21 14
                max overlap: [24 entries]
                  0.41114 0.371918 0.512541 0.33056 0.749759 0.826345 0.281537 0.459449
                  0.238914 0.254824 0.308895 0.304902 0.913861 0.837834 0.268357 0.253126
                  0.178208 0.52728 0.22194 0.187773 0.693782 0.250778 0.329223 0.454614
                block overlap: [24 entries]
                  0.41114 0.391129 0.574588 0.33056 0.749759 0.826345 0.281537 0.459449
                  0.238914 0.254824 0.308895 0.304902 0.913861 0.837834 0.306001 0.270224
                  0.19089 0.542148 0.466751 0.263277 0.698729 0.408558 0.369245 0.457923
                delta cm: [24 entries]
                  -83.901432 -2979.580373 -2972.392619 18.495097 11.60141 -56.316487
                  -490.141858 268.387041 -432.06625 -389.550185 -212.591793 640.617576
                  -664.273661 445.187281 544.831503 641.861976 -1573.911057 602.36952
                  726.772526 732.042398 1130.14223 1160.786789 -293.160865 1590.053207
                min max overlap............... 0.178208
                min block overlap............. 0.19089
                n duplicate pairings.......... 3
                max row sum deviation......... 0.084516
              signed_deviation_by_band:
                below_500:
                    n......................... 5
                    mean cm................... 171.039938
                    rms cm.................... 313.029901
                    max abs cm................ 640.617576
                500_to_1500:
                    n......................... 14
                    mean cm................... 428.098633
                    rms cm.................... 761.291495
                    max abs cm................ 1590.053207
                above_1500:
                    n......................... 5
                    mean cm................... -1696.663715
                    rms cm.................... 2035.554759
                    max abs cm................ 2979.580373
                mean signed deviation cm...... -68.114084
                rms deviation cm.............. 1105.314074
            from_qha:
                n modes....................... 24
                n dropped..................... 0
                ZPE........................... 44.011689 kcal/mol
                E vib......................... 46.580975 kcal/mol
                TS............................ 5.517244 kcal/mol
                A vib......................... 41.063731 kcal/mol
                lowest cm..................... 52.43996
                highest cm.................... 3049.942391
            from_hessian:
                n modes....................... 24
                n dropped..................... 0
                ZPE........................... 52.646244 kcal/mol
                E vib......................... 54.216095 kcal/mol
                TS............................ 2.929763 kcal/mol
                A vib......................... 51.286332 kcal/mol
                lowest cm..................... 79.703789
                highest cm.................... 3182.595882
            delta:
                ZPE........................... -8.634555 kcal/mol
                E vib......................... -7.63512 kcal/mol
                TS............................ 2.58748 kcal/mol
                A vib......................... -10.2226 kcal/mol
              n frames........................ 2000
              ps.............................. 4
            residence:
                n frames...................... 2000
                n torsional cvs............... 2
              cv_diagnostics:
                  n atoms..................... 10
                  n bonds..................... 9
                  n ring bonds................ 0
                  skipped: [1 items]
                  [0]:
                      bond: [2 entries]
                        1 2
                      reason:
                          bond-length ratio 0.869 < 0.93 -- judged a multiple bond, not
                          rotatable (**a heuristic, not bond-order analysis**)
                  tolerance................... 1.25
                  rule:
                      acyclic, not a multiple bond (by the bond-length heuristic), heavy atoms
                      at both ends, another neighbour at each end; **heavy-atom degree greater
                      than one is NOT required**, so terminal rotors are kept
                distinct basin crossings...... 0
                symmetry equivalent crossings.. 25
                stayed in one basin........... yes
                covariance is single gaussian.. no
                rotors: [2 rows]
                  periodicity  n_wells  symmetric                         kind  distinct_basin_crossings  symmetry_equivalent_crossings  wells_visited  angle_std_deg
                                                                                                                                                                     
                            3        3        yes  methyl-type symmetric rotor                         0                              3              3      76.459217
                            3        3        yes  methyl-type symmetric rotor                         0                             22              3      83.642122
                commit fraction............... 0.25
                note:
                    distinct_basin_crossings > 0: this is NOT an intra-basin entropy. The
                    covariance contains the displacement between two minima and T*S is inflated.
                    | symmetry_equivalent_crossings > 0: the end state is indistinguishable and
                    the conformer count is unaffected, but the atoms moved, so the CARTESIAN
                    covariance is still inflated. A heavy-atom analysis drops exactly the atoms
                    that do this.
          5.0ps:
              label........................... real_2500
            match:
                n modes....................... 24
                degeneracy gap cm............. 20
                n blocks...................... 16
                block sizes: [16 entries]
                  1 1 1 1 1 1 2 1 1 1 2 4 1 2 2 2
                pairing: [24 entries]
                  19 1 18 0 2 4 3 6 7 9 10 3 17 5 6 20 23 21 13 12 11 11 21 14
                max overlap: [24 entries]
                  0.452238 0.360084 0.512281 0.833049 0.843065 0.868408 0.569851 0.293019
                  0.409581 0.421668 0.486692 0.341065 0.941784 0.728912 0.332204 0.342532
                  0.270955 0.239845 0.335421 0.267477 0.459953 0.284391 0.461279 0.501127
                block overlap: [24 entries]
                  0.459749 0.360084 0.644861 0.833049 0.843065 0.868408 0.569851 0.325912
                  0.433193 0.421668 0.486692 0.341065 0.941784 0.728912 0.416098 0.343789
                  0.270983 0.254295 0.475332 0.29269 0.718969 0.556979 0.487661 0.622169
                delta cm: [24 entries]
                  -3014.529898 -59.103799 -2979.08084 10.807252 1.96035 -67.093111 254.594086
                  -102.092393 -76.835147 -280.01866 -324.811403 571.795932 -641.408387
                  521.441097 519.865269 -1674.391579 -1600.727772 -1319.970203 483.72366
                  686.62572 929.549735 952.50205 -281.306834 1446.660805
                min max overlap............... 0.239845
                min block overlap............. 0.254295
                n duplicate pairings.......... 4
                max row sum deviation......... 0.064463
              signed_deviation_by_band:
                below_500:
                    n......................... 5
                    mean cm................... 156.010764
                    rms cm.................... 281.205489
                    max abs cm................ 571.795932
                500_to_1500:
                    n......................... 12
                    mean cm................... 390.793135
                    rms cm.................... 665.613464
                    max abs cm................ 1446.660805
                above_1500:
                    n......................... 7
                    mean cm................... -1644.48793
                    rms cm.................... 1910.911873
                    max abs cm................ 3014.529898
                mean signed deviation cm...... -251.743503
                rms deviation cm.............. 1141.507909
            from_qha:
                n modes....................... 24
                n dropped..................... 0
                ZPE........................... 42.113286 kcal/mol
                E vib......................... 44.724135 kcal/mol
                TS............................ 5.705705 kcal/mol
                A vib......................... 39.01843 kcal/mol
                lowest cm..................... 51.448959
                highest cm.................... 2906.549988
            from_hessian:
                n modes....................... 24
                n dropped..................... 0
                ZPE........................... 52.646244 kcal/mol
                E vib......................... 54.216095 kcal/mol
                TS............................ 2.929763 kcal/mol
                A vib......................... 51.286332 kcal/mol
                lowest cm..................... 79.703789
                highest cm.................... 3182.595882
            delta:
                ZPE........................... -10.532958 kcal/mol
                E vib......................... -9.49196 kcal/mol
                TS............................ 2.775941 kcal/mol
                A vib......................... -12.267901 kcal/mol
              n frames........................ 2500
              ps.............................. 5
            residence:
                n frames...................... 2500
                n torsional cvs............... 2
              cv_diagnostics:
                  n atoms..................... 10
                  n bonds..................... 9
                  n ring bonds................ 0
                  skipped: [1 items]
                  [0]:
                      bond: [2 entries]
                        1 2
                      reason:
                          bond-length ratio 0.869 < 0.93 -- judged a multiple bond, not
                          rotatable (**a heuristic, not bond-order analysis**)
                  tolerance................... 1.25
                  rule:
                      acyclic, not a multiple bond (by the bond-length heuristic), heavy atoms
                      at both ends, another neighbour at each end; **heavy-atom degree greater
                      than one is NOT required**, so terminal rotors are kept
                distinct basin crossings...... 0
                symmetry equivalent crossings.. 34
                stayed in one basin........... yes
                covariance is single gaussian.. no
                rotors: [2 rows]
                  periodicity  n_wells  symmetric                         kind  distinct_basin_crossings  symmetry_equivalent_crossings  wells_visited  angle_std_deg
                                                                                                                                                                     
                            3        3        yes  methyl-type symmetric rotor                         0                              7              3      88.763826
                            3        3        yes  methyl-type symmetric rotor                         0                             27              3       85.08219
                commit fraction............... 0.25
                note:
                    distinct_basin_crossings > 0: this is NOT an intra-basin entropy. The
                    covariance contains the displacement between two minima and T*S is inflated.
                    | symmetry_equivalent_crossings > 0: the end state is indistinguishable and
                    the conformer count is unaffected, but the atoms moved, so the CARTESIAN
                    covariance is still inflated. A heavy-atom analysis drops exactly the atoms
                    that do this.
      gtotal:
        hessian:
            label............................. Hessian omega
            temperature....................... 298.15 K
            pressure.......................... 100000 Pa
            n modes........................... 24
            symmetry number................... 2
            electronic degeneracy............. 1
            E el.............................. -121286.950855 kcal/mol
            ZPE............................... 52.646244 kcal/mol
            H thermal vib..................... 1.569851 kcal/mol
            E rot............................. 0.888727 kcal/mol
            E trans........................... 0.888727 kcal/mol
            pV................................ 0.592485 kcal/mol
            G trans........................... -9.885621 kcal/mol
            G rot............................. -5.891661 kcal/mol
            A elec............................ -0 kcal/mol
            TS vib............................ 2.929763 kcal/mol
            minus TS vib...................... -2.929763 kcal/mol
            A vib............................. 51.286332 kcal/mol
            G minus Eel....................... 35.509049 kcal/mol
            G total........................... -121251.441806 kcal/mol
            moments amu / A^2: [3 entries]
              49.59325 58.71264 102.107206
            lowest............................ 79.703789 cm^-1
            highest........................... 3182.595882 cm^-1
          bands:
              n modes......................... 24
              ZPE............................. 52.646244 kcal/mol
              H thermal....................... 1.569851 kcal/mol
              TS.............................. 2.929763 kcal/mol
            bands:
              below_500:
                  n........................... 4
                  ZPE......................... 1.540391 kcal/mol
                  ZPE fraction................ 0.029259
                  H thermal................... 1.261627 kcal/mol
                  H thermal fraction.......... 0.80366
                  TS.......................... 2.53592 kcal/mol
                  TS fraction................. 0.865571
              500_to_1500:
                  n........................... 13
                  ZPE......................... 21.730298 kcal/mol
                  ZPE fraction................ 0.412761
                  H thermal................... 0.307406 kcal/mol
                  H thermal fraction.......... 0.195819
                  TS.......................... 0.392933 kcal/mol
                  TS fraction................. 0.134118
              above_1500:
                  n........................... 7
                  ZPE......................... 29.375555 kcal/mol
                  ZPE fraction................ 0.55798
                  H thermal................... 0.000818 kcal/mol
                  H thermal fraction.......... 0.000521
                  TS.......................... 0.00091 kcal/mol
                  TS fraction................. 0.000311
        qha:
            label............................. QHA nu
            temperature....................... 298.15 K
            pressure.......................... 100000 Pa
            n modes........................... 24
            symmetry number................... 2
            electronic degeneracy............. 1
            E el.............................. -121286.950855 kcal/mol
            ZPE............................... 42.113286 kcal/mol
            H thermal vib..................... 2.610849 kcal/mol
            E rot............................. 0.888727 kcal/mol
            E trans........................... 0.888727 kcal/mol
            pV................................ 0.592485 kcal/mol
            G trans........................... -9.885621 kcal/mol
            G rot............................. -5.838886 kcal/mol
            A elec............................ -0 kcal/mol
            TS vib............................ 5.705705 kcal/mol
            minus TS vib...................... -5.705705 kcal/mol
            A vib............................. 39.01843 kcal/mol
            G minus Eel....................... 23.293924 kcal/mol
            G total........................... -121263.656932 kcal/mol
            moments amu / A^2: [3 entries]
              44.184106 56.364852 99.900245
            lowest............................ 51.448959 cm^-1
            highest........................... 2906.549988 cm^-1
          bands:
              n modes......................... 24
              ZPE............................. 42.113286 kcal/mol
              H thermal....................... 2.610849 kcal/mol
              TS.............................. 5.705705 kcal/mol
            bands:
              below_500:
                  n........................... 6
                  ZPE......................... 1.643935 kcal/mol
                  ZPE fraction................ 0.039036
                  H thermal................... 2.327994 kcal/mol
                  H thermal fraction.......... 0.891662
                  TS.......................... 5.354785 kcal/mol
                  TS fraction................. 0.938497
              500_to_1500:
                  n........................... 10
                  ZPE......................... 15.016235 kcal/mol
                  ZPE fraction................ 0.356568
                  H thermal................... 0.278874 kcal/mol
                  H thermal fraction.......... 0.106813
                  TS.......................... 0.346458 kcal/mol
                  TS fraction................. 0.060721
              above_1500:
                  n........................... 8
                  ZPE......................... 25.453116 kcal/mol
                  ZPE fraction................ 0.604396
                  H thermal................... 0.003982 kcal/mol
                  H thermal fraction.......... 0.001525
                  TS.......................... 0.004461 kcal/mol
                  TS fraction................. 0.000782
        comparison:
            reference......................... hessian
            test.............................. qha
          delta:
              E el............................ 0 kcal/mol
              ZPE............................. -10.532958 kcal/mol
              H thermal vib................... 1.040998 kcal/mol
              E rot........................... 0 kcal/mol
              E trans......................... 0 kcal/mol
              pV.............................. 0 kcal/mol
              G trans......................... 0 kcal/mol
              G rot........................... 0.052776 kcal/mol
              minus TS vib.................... -2.775941 kcal/mol
              G minus Eel..................... -12.215126 kcal/mol
              G total......................... -12.215126 kcal/mol
            rotational geometry shift......... 0.052776 kcal/mol
            rotational note:
                G_rot depends on the moments of inertia and sigma, not on any frequency. Any
                difference here is the GEOMETRY the two routes were evaluated at -- the
                Hessian's minimum against the trajectory's mean structure -- and never an effect
                of substituting one spectrum for the other.
            vibrational only delta............ -12.267901 kcal/mol
          band_delta:
            below_500:
                ZPE........................... 0.103544 kcal/mol
                H thermal..................... 1.066367 kcal/mol
                TS............................ 2.818865 kcal/mol
            500_to_1500:
                ZPE........................... -6.714064 kcal/mol
                H thermal..................... -0.028533 kcal/mol
                TS............................ -0.046475 kcal/mol
            above_1500:
                ZPE........................... -3.922438 kcal/mol
                H thermal..................... 0.003164 kcal/mol
                TS............................ 0.003551 kcal/mol
      hybrid:
        pure:
          hessian:
            terms:
                n modes....................... 24
                n dropped..................... 0
                ZPE........................... 52.646244 kcal/mol
                E vib......................... 54.216095 kcal/mol
                TS............................ 2.929763 kcal/mol
                A vib......................... 51.286332 kcal/mol
                lowest cm..................... 79.703789
                highest cm.................... 3182.595882
              G minus Eel..................... 35.509049 kcal/mol
          qha:
            terms:
                n modes....................... 24
                n dropped..................... 0
                ZPE........................... 42.113286 kcal/mol
                E vib......................... 44.724135 kcal/mol
                TS............................ 5.705705 kcal/mol
                A vib......................... 39.01843 kcal/mol
                lowest cm..................... 51.448959
                highest cm.................... 2906.549988
              G minus Eel..................... 23.241148 kcal/mol
          hybrid: [4 rows]
            nu_cut_cm  G_minus_Eel
                          kcal/mol
                   25    35.509049
                   50    35.509049
                  100    35.585441
                  150    35.585441
        match:
            n modes........................... 24
            degeneracy gap cm................. 20
            n blocks.......................... 16
            block sizes: [16 entries]
              1 1 1 1 1 1 2 1 1 1 2 4 1 2 2 2
            pairing: [24 entries]
              19 1 18 0 2 4 3 6 7 9 10 3 17 5 6 20 23 21 13 12 11 11 21 14
            max overlap: [24 entries]
              0.452238 0.360084 0.512281 0.833049 0.843065 0.868408 0.569851 0.293019 0.409581
              0.421668 0.486692 0.341065 0.941784 0.728912 0.332204 0.342532 0.270955 0.239845
              0.335421 0.267477 0.459953 0.284391 0.461279 0.501127
            block overlap: [24 entries]
              0.459749 0.360084 0.644861 0.833049 0.843065 0.868408 0.569851 0.325912 0.433193
              0.421668 0.486692 0.341065 0.941784 0.728912 0.416098 0.343789 0.270983 0.254295
              0.475332 0.29269 0.718969 0.556979 0.487661 0.622169
            delta cm: [24 entries]
              -3014.529898 -59.103799 -2979.08084 10.807252 1.96035 -67.093111 254.594086
              -102.092393 -76.835147 -280.01866 -324.811403 571.795932 -641.408387 521.441097
              519.865269 -1674.391579 -1600.727772 -1319.970203 483.72366 686.62572 929.549735
              952.50205 -281.306834 1446.660805
            min max overlap................... 0.239845
            min block overlap................. 0.254295
            n duplicate pairings.............. 4
            max row sum deviation............. 0.064463
          signed_deviation_by_band:
            below_500:
                n............................. 5
                mean cm....................... 156.010764
                rms cm........................ 281.205489
                max abs cm.................... 571.795932
            500_to_1500:
                n............................. 12
                mean cm....................... 390.793135
                rms cm........................ 665.613464
                max abs cm.................... 1446.660805
            above_1500:
                n............................. 7
                mean cm....................... -1644.48793
                rms cm........................ 1910.911873
                max abs cm.................... 3014.529898
            mean signed deviation cm.......... -251.743503
            rms deviation cm.................. 1141.507909
    wall...................................... 2.648668 s
    setting................................... default
    route..................................... openmm

------------------------------------------------------------------------------------------------
generated 2026-09-15 23:41:58 by openqha.report  (stage 0)
this file is the Report, laid out for people (numbers truncated to a fixed number of places); what a program reads back, at full float64 precision, is the Property file (.toml) or the Table (.dat) of the same stem.
------------------------------------------------------------------------------------------------

openQHA 02d terminated normally
