================================================================================================
                     openQHA branch A -- conformer search, basins, Hessians
                          dsgdb9nsd_000035  (propanal)   tag propanal
================================================================================================


------------------------------------------------------------------------------------------------
Provenance
------------------------------------------------------------------------------------------------
  engine.................................. MACE-OFF23_medium
  composite notation...................... RI-MP2/cc-pVTZ // MACE-OFF23_medium
  weights path............................ /mnt/c/Users/10704/Documents/01_Free-Energy-alchemical/openQHA/data/potentials/MACE-OFF23_medium.model
  weights bytes........................... 18350596
  interface............................... mace.calculators.MACECalculator
  mace torch version...................... 0.3.16
  torch version........................... 2.12.1
  dtype................................... float64
  neighbour list patch applied............ yes
  installed mace defect present........... no
  crest version........................... 3.0.2 (6914a25)
  crest binary............................ /home/ubuntu/anaconda3/envs/openqha/bin/crest
  protocol source......................... SHAKE all bonds + 5 fs + hydrogen mass 2 amu: Grimme, JCTC 2019, 15, 2847. iMTD-GC: Pracht, Bohle & Grimme, PCCP 2020, 22, 7169. BRANCH A ONLY -- see the module docstring.
  machine loadavg 1min.................... 3.42041
  machine loadavg 5min.................... 1.467773
  machine loadavg 15min................... 0.598633
  machine cpu count....................... 16
  machine node............................ Sherwin
  generated by............................ scripts/production/s0_A_pipeline.py

------------------------------------------------------------------------------------------------
Settings
------------------------------------------------------------------------------------------------
  workhorse............................... gfn2
  refine.................................. sp
  runtype................................. imtd-gc
  optlev.................................. tight
  shake................................... 2
  tstep fs................................ 5
  hydrogen mass........................... 2 amu
  threads................................. 4
  fmax.................................... 0.0001 eV/A
  dedup rmsd.............................. 0.125 A
  dedup criterion......................... cregen_three_fold
  dedup ethr.............................. 0.05 kcal/mol
  dedup bthr relative..................... 0.01
  hessian mode............................ analytic
  temperature............................. 298.15 K
  symmetry tolerance...................... 0.1 A

------------------------------------------------------------------------------------------------
Gate
------------------------------------------------------------------------------------------------
  smiles.................................. CCC=O
  smiles source........................... declared_in_config
  gates enabled........................... ['F0', 'F1', 'F3', 'F4', 'F5', 'F7']
  passed.................................. yes
  reason.................................. passed F0/F1/F3/F4/F5/F7

------------------------------------------------------------------------------------------------
CREST
------------------------------------------------------------------------------------------------
  workdir................................. /home/ubuntu/runs/openQHA/propanal/1_16000/1_1000/dsgdb9nsd_000035/crest
  ran in.................................. /tmp/openqha_t21_scratch/openqha_crest/dsgdb9nsd_000035
  returncode.............................. 0
  n conformers............................ 2
  terminated normally..................... yes
  n terminated early...................... 0
  n completed successfully................ 36
  total engrad calls...................... 57445
  energy spread........................... 0.001172
  shake used.............................. 2
  used shake fallback..................... no
  wall.................................... 237.30806 s
  wall is valid cost...................... yes
  reused scratch.......................... no

------------------------------------------------------------------------------------------------
Census: tighten, deduplicate, Hessian
------------------------------------------------------------------------------------------------
  n frames from crest..................... 2
  n reference geometries pooled........... 1
  n not converged......................... 0
  n graph changed......................... 0
  max residual force...................... 7.751286e-05 eV/A

------------------------------------------------------------------------------------------------
Basins
------------------------------------------------------------------------------------------------
  basin        E / eV  rel / kcal  sigma  pg  nu_min / cm-1  G - E_el / kcal
  -----  ------------  ----------  -----  --  -------------  ---------------
      0  -5259.188956      0.0000      1  Cs         128.45  36.0253
      1  -5259.152703      0.8360      1  C1          73.96  35.7699
      2  -5259.152703      0.8360      1  C1          74.00  35.7701

------------------------------------------------------------------------------------------------
Basin 0: symmetry
------------------------------------------------------------------------------------------------
  sigma................................... 1
  sigma source............................ declared_in_config
  tolerance............................... 0.1 A
  n proper................................ 1
  n improper.............................. 1
  n graph automorphisms................... 12
  graph automorphism note................. Candidate pool only. Reporting this as sigma is what D0-9 forbids: for ethane it is 18 against a true sigma of 6.
  max accepted rmsd....................... 0.000145 A
  min rejected rmsd....................... 0.323502 A
  margin.................................. 0.323357 A
  sigma stable below tolerance............ yes
  sigma flip tolerance.................... 0.4 A
  sigma stable over whole sweep........... no
  sigma values over sweep................. [1, 7]
  group closure defect.................... 0
  pymsym point group...................... Cs
  pymsym sigma............................ 1
  pymsym note............................. pymsym returns 'C1' both for a genuine C1 and for an internal libmsym failure; on a geometry displaced from ideal by 0.005 A it already returns C1 for acetone. Label only, never the production source of sigma.
  declared sigma.......................... 1
  agrees with declaration................. yes
  detected sigma.......................... 1

  sigma over the tolerance sweep
  tolerance / A  sigma  n_improper
  -------------  -----  ----------
           0.01      1  1
           0.02      1  1
           0.05      1  1
            0.1      1  1
            0.2      1  1
            0.4      7  5

------------------------------------------------------------------------------------------------
Basin 0: thermochemistry
------------------------------------------------------------------------------------------------
  temperature............................. 298.15 K
  pressure................................ 100000 Pa
  vibrational A vib....................... 52.195004 kcal/mol
  vibrational E vib....................... 54.535423 kcal/mol
  vibrational S vib kcal per.............. 0.00785 K
  vibrational ZPE......................... 53.171797 kcal/mol
  vibrational n modes..................... 24
  vibrational lowest frequency............ 128.451444 cm^-1
  rotational A rot........................ -6.284118 kcal/mol
  rotational q rot........................ 40391.54691
  rotational symmetry number.............. 1
  rotational moments amu.................. [30.023032399449995, 85.29060071554582, 109.17936119157602] A^2
  rotational rotational constants......... [0.5614898862217802, 0.19764931779789163, 0.15440307455563945] cm^-1
  rotational rotational temperatures...... [0.8078585356337997, 0.2843732226766341, 0.2221515378437404] K
  rotational E rot........................ 0.888727 kcal/mol
  rotational S rot kcal per............... 0.024058 K
  rotational T over theta max............. 369.06214
  translational value..................... -10.478106 kcal/mol
  translational kind...................... helmholtz
  translational thermal wavelength........ 0.132669 A
  translational volume per molecule A3.... 41164.049935
  translational mass...................... 58.08 amu
  translational pressure.................. 100000 Pa
  electronic A elec....................... -0 kcal/mol
  electronic degeneracy................... 1
  A minus Eel............................. 35.43278 kcal/mol
  pV...................................... 0.592485 kcal/mol
  G minus Eel............................. 36.025265 kcal/mol

------------------------------------------------------------------------------------------------
Basin 1: symmetry
------------------------------------------------------------------------------------------------
  sigma................................... 1
  sigma source............................ declared_in_config
  tolerance............................... 0.1 A
  n proper................................ 1
  n improper.............................. 0
  n graph automorphisms................... 12
  graph automorphism note................. Candidate pool only. Reporting this as sigma is what D0-9 forbids: for ethane it is 18 against a true sigma of 6.
  max accepted rmsd....................... 3.821150e-16 A
  min rejected rmsd....................... 0.327878 A
  margin.................................. 0.327878 A
  sigma stable below tolerance............ yes
  sigma flip tolerance.................... 0.4 A
  sigma stable over whole sweep........... no
  sigma values over sweep................. [1, 7]
  group closure defect.................... 0
  pymsym point group...................... C1
  pymsym sigma............................ 1
  pymsym note............................. pymsym returns 'C1' both for a genuine C1 and for an internal libmsym failure; on a geometry displaced from ideal by 0.005 A it already returns C1 for acetone. Label only, never the production source of sigma.
  declared sigma.......................... 1
  agrees with declaration................. yes
  detected sigma.......................... 1

  sigma over the tolerance sweep
  tolerance / A  sigma  n_improper
  -------------  -----  ----------
           0.01      1  0
           0.02      1  0
           0.05      1  0
            0.1      1  0
            0.2      1  0
            0.4      7  0

------------------------------------------------------------------------------------------------
Basin 1: thermochemistry
------------------------------------------------------------------------------------------------
  temperature............................. 298.15 K
  pressure................................ 100000 Pa
  vibrational A vib....................... 51.92654 kcal/mol
  vibrational E vib....................... 54.547361 kcal/mol
  vibrational S vib kcal per.............. 0.00879 K
  vibrational ZPE......................... 53.131583 kcal/mol
  vibrational n modes..................... 24
  vibrational lowest frequency............ 73.96268 cm^-1
  rotational A rot........................ -6.271064 kcal/mol
  rotational q rot........................ 39511.348563
  rotational symmetry number.............. 1
  rotational moments amu.................. [18.799887815582583, 116.75104457654565, 121.8829558723977] A^2
  rotational rotational constants......... [0.8966877468293873, 0.14438953507561647, 0.1383099788263149] cm^-1
  rotational rotational temperatures...... [1.2901333894876856, 0.20774429108943757, 0.19899716753586363] K
  rotational E rot........................ 0.888727 kcal/mol
  rotational S rot kcal per............... 0.024014 K
  rotational T over theta max............. 231.100135
  translational value..................... -10.478106 kcal/mol
  translational kind...................... helmholtz
  translational thermal wavelength........ 0.132669 A
  translational volume per molecule A3.... 41164.049935
  translational mass...................... 58.08 amu
  translational pressure.................. 100000 Pa
  electronic A elec....................... -0 kcal/mol
  electronic degeneracy................... 1
  A minus Eel............................. 35.17737 kcal/mol
  pV...................................... 0.592485 kcal/mol
  G minus Eel............................. 35.769855 kcal/mol

------------------------------------------------------------------------------------------------
Basin 2: symmetry
------------------------------------------------------------------------------------------------
  sigma................................... 1
  sigma source............................ declared_in_config
  tolerance............................... 0.1 A
  n proper................................ 1
  n improper.............................. 0
  n graph automorphisms................... 12
  graph automorphism note................. Candidate pool only. Reporting this as sigma is what D0-9 forbids: for ethane it is 18 against a true sigma of 6.
  max accepted rmsd....................... 4.971890e-16 A
  min rejected rmsd....................... 0.327877 A
  margin.................................. 0.327877 A
  sigma stable below tolerance............ yes
  sigma flip tolerance.................... 0.4 A
  sigma stable over whole sweep........... no
  sigma values over sweep................. [1, 7]
  group closure defect.................... 0
  pymsym point group...................... C1
  pymsym sigma............................ 1
  pymsym note............................. pymsym returns 'C1' both for a genuine C1 and for an internal libmsym failure; on a geometry displaced from ideal by 0.005 A it already returns C1 for acetone. Label only, never the production source of sigma.
  declared sigma.......................... 1
  agrees with declaration................. yes
  detected sigma.......................... 1

  sigma over the tolerance sweep
  tolerance / A  sigma  n_improper
  -------------  -----  ----------
           0.01      1  0
           0.02      1  0
           0.05      1  0
            0.1      1  0
            0.2      1  0
            0.4      7  0

------------------------------------------------------------------------------------------------
Basin 2: thermochemistry
------------------------------------------------------------------------------------------------
  temperature............................. 298.15 K
  pressure................................ 100000 Pa
  vibrational A vib....................... 51.92678 kcal/mol
  vibrational E vib....................... 54.54732 kcal/mol
  vibrational S vib kcal per.............. 0.008789 K
  vibrational ZPE......................... 53.131592 kcal/mol
  vibrational n modes..................... 24
  vibrational lowest frequency............ 73.996739 cm^-1
  rotational A rot........................ -6.271064 kcal/mol
  rotational q rot........................ 39511.358435
  rotational symmetry number.............. 1
  rotational moments amu.................. [18.799968835406922, 116.75081105809623, 121.88273530094303] A^2
  rotational rotational constants......... [0.8966838824887402, 0.14438982387549748, 0.1383102291261884] cm^-1
  rotational rotational temperatures...... [1.2901278295646077, 0.20774470660796193, 0.19899752766147627] K
  rotational E rot........................ 0.888727 kcal/mol
  rotational S rot kcal per............... 0.024014 K
  rotational T over theta max............. 231.101131
  translational value..................... -10.478106 kcal/mol
  translational kind...................... helmholtz
  translational thermal wavelength........ 0.132669 A
  translational volume per molecule A3.... 41164.049935
  translational mass...................... 58.08 amu
  translational pressure.................. 100000 Pa
  electronic A elec....................... -0 kcal/mol
  electronic degeneracy................... 1
  A minus Eel............................. 35.17761 kcal/mol
  pV...................................... 0.592485 kcal/mol
  G minus Eel............................. 35.770095 kcal/mol

------------------------------------------------------------------------------------------------
Acceptance criteria
------------------------------------------------------------------------------------------------
  [PASS] 1 workhorse identity
         measured: asked 'gfn2', /home/ubuntu/runs/openQHA/propanal/1_16000/1_1000/dsgdb9nsd_000035/crest/input.toml records 'gfn2'
  [PASS] 11 dynamics package written as one
         measured: input.toml has shake=2 tstep=5.0 hmass=2.0 (read from input.toml); this run intended shake=2.0 tstep=5.0 hmass=2.0
  [PASS] 2 cost claim is unambiguous
         measured: wall 237.3 s, reused_scratch=False, wall_is_valid_cost=True
  [PASS] 4 zero imaginary, 6 rigid modes removed, separation > 1e8
         measured: imaginary in basins none; rigid modes [6]; min separation ratio 3.89e+12
  [PASS] 6 reference geometry pooled and located
         measured: pooled 1; landed in basin 1
  [PASS] 7 CREST, pooled and basin counts are three separate numbers that add up
         measured: CREST 2 + pooled 1 = 3 frames -> 3 basins
  [PASS] 9 sigma is a group order and is stable up to the working tolerance
         measured: basins needing a look: none; sigma flips at (A): {0: 0.4, 1: 0.4, 2: 0.4}
  [PASS] 10 published dynamics protocol, or a declared fallback
         measured: terminated EARLY 0; shake used 2; fell back False
  [PASS] 12 no merge crossed the energy threshold; criterion recorded
         measured: criterion cregen_three_fold (RMSD < 0.125 Å, |ΔE| < 0.05 kcal/mol, ΔB < 0.01); merges blocked by energy 0, by rotational constants 0; warnings none
  all criteria passed..................... yes
  wall seconds total...................... 252.801319

------------------------------------------------------------------------------------------------
complete record (expanded)
------------------------------------------------------------------------------------------------
    generated by.............................. scripts/production/s0_A_pipeline.py
    branch.................................... A
    qm9 index................................. dsgdb9nsd_000035
    label..................................... dsgdb9nsd_000035
    name...................................... propanal
    identified by............................. qm9_index
    seed geometry............................. -
    smiles.................................... CCC=O
    composite notation........................ RI-MP2/cc-pVTZ // MACE-OFF23_medium
  engine:
      engine.................................. MACE-OFF23_medium
      source.................................. https://arxiv.org/abs/2312.15211
      note:
          PRODUCTION DEFAULT since 2026-09-03 (S0-A-16). Most widely used member of the family;
          closest lineage to stage 2 surface.
      weights path:
          /mnt/c/Users/10704/Documents/01_Free-Energy-alchemical/openQHA/data/potentials/MACE-OFF23_medium.model
      bytes................................... 18350596
      interface............................... mace.calculators.MACECalculator
      mace torch version...................... 0.3.16
      mace module path:
          /home/ubuntu/anaconda3/envs/openqha/lib/python3.11/site-packages/mace/__init__.py
      torch version........................... 2.12.1
      dtype................................... float64
    neighbour_list_patch:
        applied............................... yes
        sites: [3 items]
          [0]................................. mace.data.neighborhood.get_neighborhood
          [1]................................. mace.data.get_neighborhood
          [2]................................. mace.data.atomic_data.get_neighborhood
        error................................. -
        what.................................. centre atoms before the neighbour search (aperiodic systems only)
        why:
            an origin-anchored search box loses neighbours far from the origin; see `installed`
            for whether the MACE actually loaded has that defect
      installed:
          module path:
              /home/ubuntu/anaconda3/envs/openqha/lib/python3.11/site-packages/mace/data/neighborhood.py
          sha256.............................. 310af63c0c5b8f5f22dd931107dee6eab8b2ef79fbd3eb27c901d45d01dfb1b4
          sizing.............................. radial max|positions| (translation invariant)
          defect present...................... no
          n edges............................. 12
          error............................... -
          probe shift......................... -8 A
  crest_version:
      version................................. 3.0.2
      commit.................................. 6914a25
  settings:
      workhorse............................... gfn2
      refine.................................. sp
      runtype................................. imtd-gc
      optlev.................................. tight
      shake................................... 2
      tstep fs................................ 5
      hydrogen mass........................... 2 amu
      threads................................. 4
      fmax.................................... 0.0001 eV/A
      dedup rmsd.............................. 0.125 A
      dedup criterion......................... cregen_three_fold
      dedup ethr.............................. 0.05 kcal/mol
      dedup bthr relative..................... 0.01
      hessian mode............................ analytic
      temperature............................. 298.15 K
      symmetry tolerance...................... 0.1 A
    protocol source:
        SHAKE all bonds + 5 fs + hydrogen mass 2 amu: Grimme, JCTC 2019, 15, 2847. iMTD-GC:
        Pracht, Bohle & Grimme, PCCP 2020, 22, 7169. BRANCH A ONLY -- see the module docstring.
  gate:
      smiles.................................. CCC=O
      passed.................................. yes
      failed gate............................. -
      reason.................................. passed F0/F1/F3/F4/F5/F7
      gates_enabled: [6 items]
        [0]................................... F0
        [1]................................... F1
        [2]................................... F3
        [3]................................... F4
        [4]................................... F5
        [5]................................... F7
      gate skipped............................ -
      smiles source........................... declared_in_config
  crest:
      workdir................................. /home/ubuntu/runs/openQHA/propanal/1_16000/1_1000/dsgdb9nsd_000035/crest
      seconds................................. 237.300722
      returncode.............................. 0
    crest:
        version............................... 3.0.2
        commit................................ 6914a25
      binary.................................. /home/ubuntu/anaconda3/envs/openqha/bin/crest
    settings:
        shake................................. 2
        runtype............................... imtd-gc
        threads............................... 4
        optlev................................ tight
        refine................................ sp
        backend............................... generic
        engine client:
            /mnt/c/Users/10704/Documents/01_Free-Energy-alchemical/openQHA/scripts/production/s0_mace_engrad.py
        workhorse............................. gfn2
        tstep fs.............................. 5
        calcspace............................. -
      terminated normally..................... yes
      n terminated early...................... 0
      n completed successfully................ 36
      total engrad calls...................... 57445
    products:
        crest conformers.xyz.................. 1352
        crest best.xyz........................ 676
        crest rotamers.xyz.................... 6390
      ok...................................... yes
      n cregen nan............................ 0
      n conformers............................ 2
      n energies unparsable................... 0
      n nonfinite energies.................... 0
      n zero energies......................... 0
      energy spread........................... 0.001172
      shake used.............................. 2
      used shake fallback..................... no
      wall.................................... 237.30806 s
      reused scratch.......................... no
      wall is valid cost...................... yes
      ran in.................................. /tmp/openqha_t21_scratch/openqha_crest/dsgdb9nsd_000035
  census:
      name.................................... dsgdb9nsd_000035
      smiles.................................. CCC=O
      source.................................. CREST ensemble
    atom_order_check:
        n frames.............................. 3
        n atoms............................... 10
        valence repair........................ -
        atom order is identity................ yes
        atom order match: [10 entries]
          0 1 2 3 4 5 6 7 8 9
        how:
            graph isomorphism (rdDetermineBonds.DetermineConnectivity plus substructure
            matching), which **does not look at coordinates** -- geometric assignment has been
            wrong twice in this project (defects 26 and 30)
      n frames in............................. 3
      n not converged......................... 0
      n graph changed......................... 0
      max residual force...................... 7.751286e-05 eV/A
      fmax criterion.......................... 0.0001 eV/A
      opt steps per frame: [3 entries]
        48 64 64
      opt steps total......................... 176
      tightened energies / eV: [3 entries]
        -5259.188956 -5259.152703 -5259.152703
      crest relative.......................... - kcal/mol
      dedup threshold......................... 0.125 A
      dedup criterion......................... cregen_three_fold
      dedup ethr.............................. 0.05 kcal/mol
      dedup bthr relative..................... 0.01
      n merges blocked by energy.............. 0
      n merges blocked by rotational.......... 0
      dedup blocked note:
          How many merges each extra CREGEN condition prevented. Both were zero on OCCC(=O)CO
          and OCCO at 0.125 A -- the first non-zero value is a molecule to look at, not a log
          line.
      dedup metric:
          all-atom best root-mean-square deviation (minimised over the molecular automorphisms)
          -- the same function as the ETKDG route
    duplicate_map:
      merge_energy_warnings: [0 items]
      n saddles rejected...................... 0
      saddles: [0 items]
      n basins................................ 3
      basin conformer ids: [3 entries]
        0 2 1
      basin energies / eV: [3 entries]
        -5259.188956 -5259.152703 -5259.152703
      basin relative / kcal/mol: [3 entries]
        0 0.836012 0.836012
    populations:
        kT.................................... 0.592485 kcal/mol
        n within 1kT.......................... 1
        n within 5kT.......................... 3
        boltzmann weights: [3 entries]
          0.67214 0.16393 0.16393
        weight of lowest...................... 0.67214
    hessian:
      0:
          n imaginary......................... 0
          hessian mode........................ analytic
          n rigid modes removed............... 6
          separation gap ratio................ 6.480237e+12
          hessian asymmetry................... 1.421085e-14 eV/A^2
          lowest frequency.................... 128.451444 cm^-1
          frequencies / cm^-1: [24 entries]
            128.451444 231.716133 254.80291 655.197413 673.575309 869.85523 907.167586
            1008.380309 1120.386085 1148.735599 1283.634008 1372.513527 1410.976557 1425.189231
            1463.95437 1490.973393 1502.279296 1832.353464 2930.628207 3044.466875 3064.109369
            3077.194823 3147.67048 3150.007631
      2:
          n imaginary......................... 0
          hessian mode........................ analytic
          n rigid modes removed............... 6
          separation gap ratio................ 3.892937e+12
          hessian asymmetry................... 1.776357e-14 eV/A^2
          lowest frequency.................... 73.96268 cm^-1
          frequencies / cm^-1: [24 entries]
            73.96268 219.247297 321.09705 510.181424 750.839121 878.800891 924.612438
            1035.492785 1135.664979 1159.936018 1274.122392 1325.269365 1410.182214 1416.307527
            1469.270241 1496.066828 1501.272029 1838.579386 2909.192311 3047.869408 3063.378175
            3120.395032 3141.540739 3142.808316
      1:
          n imaginary......................... 0
          hessian mode........................ analytic
          n rigid modes removed............... 6
          separation gap ratio................ 4.212254e+12
          hessian asymmetry................... 1.421085e-14 eV/A^2
          lowest frequency.................... 73.996739 cm^-1
          frequencies / cm^-1: [24 entries]
            73.996739 219.245118 321.105119 510.185041 750.843363 878.802892 924.61709
            1035.492389 1135.667118 1159.938242 1274.122087 1325.271119 1410.183431 1416.309078
            1469.270288 1496.068331 1501.270774 1838.573408 2909.161365 3047.861216 3063.376439
            3120.388105 3141.535311 3142.810929
      temperature............................. 298.15 K
    crest_vs_repo:
        n conformers reported by crest........ 2
        n basins by repo criteria............. 3
        n collapsed........................... 0
        max tightening spread................. 0.836012 kcal/mol
        max spread among survivors............ 0.836012 kcal/mol
        note:
            **the conformer count CREST reports is not a basin count** -- both the convergence
            criterion and the deduplication criterion differ. Defect 54: on acetone CREST
            reported 2, and after tightening the energies were identical to the last digit.
        n input frames total.................. 3
        n reference geometries pooled......... 1
      free energy note:
          no free energy was computed -- this molecule's symmetry number sigma and electronic
          degeneracy g0 are not explicitly declared in the configuration. This repository
          requires that they never be derived automatically, so only the basin list and the
          Boltzmann weights are given here.
      n frames from crest..................... 2
      n reference geometries pooled........... 1
    reference_geometry_basin:
        basin index........................... 1
        conformer id.......................... 2
        was merged............................ no
    basins: [3 rows]
      basin_index        energy  relative  electronic_degeneracy  electronic_degeneracy_source  lowest_frequency  n_imaginary
                             eV  kcal/mol                                                                  cm^-1             
                0  -5259.188956         0                      1            declared_in_config        128.451444            0
                1  -5259.152703  0.836012                      1            declared_in_config          73.96268            0
                2  -5259.152703  0.836012                      1            declared_in_config         73.996739            0
  machine:
      loadavg 1min............................ 3.42041
      loadavg 5min............................ 1.467773
      loadavg 15min........................... 0.598633
      cpu count............................... 16
      node.................................... Sherwin
    wall seconds total........................ 252.801319
    criteria: [9 rows]
      number                                                              criterion  passed                                                                                                                                               detail
                                                                                                                                                                                                                                                
           1                                                     workhorse identity     yes                                     asked 'gfn2', /home/ubuntu/runs/openQHA/propanal/1_16000/1_1000/dsgdb9nsd_000035/crest/input.toml records 'gfn2'
          11                                        dynamics package written as one     yes                                   input.toml has shake=2 tstep=5.0 hmass=2.0 (read from input.toml); this run intended shake=2.0 tstep=5.0 hmass=2.0
           2                                              cost claim is unambiguous     yes                                                                                          wall 237.3 s, reused_scratch=False, wall_is_valid_cost=True
           4                zero imaginary, 6 rigid modes removed, separation > 1e8     yes                                                                             imaginary in basins none; rigid modes [6]; min separation ratio 3.89e+12
           6                                  reference geometry pooled and located     yes                                                                                                                          pooled 1; landed in basin 1
           7  CREST, pooled and basin counts are three separate numbers that add up     yes                                                                                                            CREST 2 + pooled 1 = 3 frames -> 3 basins
           9       sigma is a group order and is stable up to the working tolerance     yes                                                                            basins needing a look: none; sigma flips at (A): {0: 0.4, 1: 0.4, 2: 0.4}
          10                    published dynamics protocol, or a declared fallback     yes                                                                                                    terminated EARLY 0; shake used 2; fell back False
          12              no merge crossed the energy threshold; criterion recorded     yes  criterion cregen_three_fold (RMSD < 0.125 Å, |ΔE| < 0.05 kcal/mol, ΔB < 0.01); merges blocked by energy 0, by rotational constants 0; warnings none
    all criteria passed....................... yes
    molecule dir.............................. /home/ubuntu/runs/openQHA/propanal/1_16000/1_1000/dsgdb9nsd_000035
  mace:
      folder.................................. /home/ubuntu/runs/openQHA/propanal/1_16000/1_1000/dsgdb9nsd_000035/mace
      basins: [3 items]
        [0]:
            /home/ubuntu/runs/openQHA/propanal/1_16000/1_1000/dsgdb9nsd_000035/mace/basin00/basin.extxyz
        [1]:
            /home/ubuntu/runs/openQHA/propanal/1_16000/1_1000/dsgdb9nsd_000035/mace/basin01/basin.extxyz
        [2]:
            /home/ubuntu/runs/openQHA/propanal/1_16000/1_1000/dsgdb9nsd_000035/mace/basin02/basin.extxyz
      hessians: [3 items]
        [0]:
            /home/ubuntu/runs/openQHA/propanal/1_16000/1_1000/dsgdb9nsd_000035/mace/basin00/hessian.npy
        [1]:
            /home/ubuntu/runs/openQHA/propanal/1_16000/1_1000/dsgdb9nsd_000035/mace/basin01/hessian.npy
        [2]:
            /home/ubuntu/runs/openQHA/propanal/1_16000/1_1000/dsgdb9nsd_000035/mace/basin02/hessian.npy
    output dir................................ /home/ubuntu/runs/openQHA/propanal/1_16000/1_1000/dsgdb9nsd_000035/_records
    tag....................................... propanal

------------------------------------------------------------------------------------------------
generated 2026-09-15 23:00:23 by openqha.report  (stage 0)
this file is the Report, laid out for people (numbers truncated to a fixed number of places); what a program reads back, at full float64 precision, is the Property file (.toml) or the .dat tables of the same stem.
------------------------------------------------------------------------------------------------

openQHA branch A terminated normally
