================================================================================================
                     openQHA branch A -- conformer search, basins, Hessians
                           dsgdb9nsd_000018  (acetone)   tag 02d_prod
================================================================================================


------------------------------------------------------------------------------------------------
Provenance
------------------------------------------------------------------------------------------------
  engine.................................. MACE-OFF23_medium
  composite notation...................... RI-MP2/cc-pVTZ // MACE-OFF23_medium
  weights path............................ /mnt/c/Users/10704/Documents/01_Free-Energy-alchemical/openQHA/data/potentials/MACE-OFF23_medium.model
  weights bytes........................... 18350596
  interface............................... mace.calculators.MACECalculator
  mace torch version...................... 0.3.16
  torch version........................... 2.12.1
  dtype................................... float64
  neighbour list patch applied............ yes
  installed mace defect present........... no
  crest version........................... 3.0.2 (6914a25)
  crest binary............................ /home/ubuntu/anaconda3/envs/openqha/bin/crest
  protocol source......................... SHAKE all bonds + 5 fs + hydrogen mass 2 amu: Grimme, JCTC 2019, 15, 2847. iMTD-GC: Pracht, Bohle & Grimme, PCCP 2020, 22, 7169. BRANCH A ONLY -- see the module docstring.
  machine loadavg 1min.................... 2.851074
  machine loadavg 5min.................... 2.467773
  machine loadavg 15min................... 2.331543
  machine cpu count....................... 16
  machine node............................ Sherwin
  generated by............................ scripts/production/s0_A_pipeline.py

------------------------------------------------------------------------------------------------
Settings
------------------------------------------------------------------------------------------------
  workhorse............................... gfn2
  refine.................................. sp
  runtype................................. imtd-gc
  optlev.................................. tight
  shake................................... 2
  tstep fs................................ 5
  hydrogen mass........................... 2 amu
  threads................................. 4
  fmax.................................... 0.0001 eV/A
  dedup rmsd.............................. 0.125 A
  dedup criterion......................... cregen_three_fold
  dedup ethr.............................. 0.05 kcal/mol
  dedup bthr relative..................... 0.01
  hessian mode............................ analytic
  temperature............................. 298.15 K
  symmetry tolerance...................... 0.1 A

------------------------------------------------------------------------------------------------
Gate
------------------------------------------------------------------------------------------------
  smiles.................................. CC(=O)C
  smiles source........................... declared_in_config
  gates enabled........................... ['F0', 'F1', 'F3', 'F4', 'F5', 'F7']
  passed.................................. yes
  reason.................................. passed F0/F1/F3/F4/F5/F7

------------------------------------------------------------------------------------------------
CREST
------------------------------------------------------------------------------------------------
  workdir................................. /home/ubuntu/runs/openQHA/02d_prod/1_16000/1_1000/dsgdb9nsd_000018/crest
  ran in.................................. /tmp/openqha_t21_scratch/openqha_crest/dsgdb9nsd_000018
  returncode.............................. 0
  n conformers............................ 4
  terminated normally..................... yes
  n terminated early...................... 0
  n completed successfully................ 36
  total engrad calls...................... 52286
  energy spread........................... 0.001396
  shake used.............................. 2
  used shake fallback..................... no
  wall.................................... 236.374203 s
  wall is valid cost...................... yes
  reused scratch.......................... no

------------------------------------------------------------------------------------------------
Census: tighten, deduplicate, Hessian
------------------------------------------------------------------------------------------------
  n frames from crest..................... 4
  n reference geometries pooled........... 1
  n not converged......................... 0
  n graph changed......................... 0
  max residual force...................... 7.711132e-05 eV/A

------------------------------------------------------------------------------------------------
Basins
------------------------------------------------------------------------------------------------
  basin        E / eV  rel / kcal  sigma   pg  nu_min / cm-1  G - E_el / kcal
  -----  ------------  ----------  -----  ---  -------------  ---------------
      0  -5259.499980      0.0000      2  C2v          79.70  35.5091

------------------------------------------------------------------------------------------------
Basin 0: symmetry
------------------------------------------------------------------------------------------------
  sigma................................... 2
  sigma source............................ declared_in_config
  tolerance............................... 0.1 A
  n proper................................ 2
  n improper.............................. 2
  n graph automorphisms................... 72
  graph automorphism note................. Candidate pool only. Reporting this as sigma is what D0-9 forbids: for ethane it is 18 against a true sigma of 6.
  max accepted rmsd....................... 1.048312e-05 A
  min rejected rmsd....................... 0.32669 A
  margin.................................. 0.32668 A
  sigma stable below tolerance............ yes
  sigma flip tolerance.................... 0.4 A
  sigma stable over whole sweep........... no
  sigma values over sweep................. [2, 14]
  group closure defect.................... 0
  pymsym point group...................... C2v
  pymsym sigma............................ 2
  pymsym note............................. pymsym returns 'C1' both for a genuine C1 and for an internal libmsym failure; on a geometry displaced from ideal by 0.005 A it already returns C1 for acetone. Label only, never the production source of sigma.
  declared sigma.......................... 2
  agrees with declaration................. yes
  detected sigma.......................... 2

  sigma over the tolerance sweep
  tolerance / A  sigma  n_improper
  -------------  -----  ----------
           0.01      2  2
           0.02      2  2
           0.05      2  2
            0.1      2  2
            0.2      2  2
            0.4     14  10

------------------------------------------------------------------------------------------------
Basin 0: thermochemistry
------------------------------------------------------------------------------------------------
  temperature............................. 298.15 K
  pressure................................ 100000 Pa
  vibrational A vib....................... 51.286333 kcal/mol
  vibrational E vib....................... 54.216095 kcal/mol
  vibrational S vib kcal per.............. 0.009826 K
  vibrational ZPE......................... 52.646244 kcal/mol
  vibrational n modes..................... 24
  vibrational lowest frequency............ 79.703887 cm^-1
  rotational A rot........................ -5.891661 kcal/mol
  rotational q rot........................ 20826.564421
  rotational symmetry number.............. 2
  rotational moments amu.................. [49.59324969684368, 58.71263965773634, 102.10720560522441] A^2
  rotational rotational constants......... [0.3399178144011178, 0.28712095290334533, 0.16509734984988625] cm^-1
  rotational rotational temperatures...... [0.4890658131453211, 0.41310292180518404, 0.2375382113900961] K
  rotational E rot........................ 0.888727 kcal/mol
  rotational S rot kcal per............... 0.022742 K
  rotational T over theta max............. 609.631653
  translational value..................... -10.478106 kcal/mol
  translational kind...................... helmholtz
  translational thermal wavelength........ 0.132669 A
  translational volume per molecule A3.... 41164.049935
  translational mass...................... 58.08 amu
  translational pressure.................. 100000 Pa
  electronic A elec....................... -0 kcal/mol
  electronic degeneracy................... 1
  A minus Eel............................. 34.916565 kcal/mol
  pV...................................... 0.592485 kcal/mol
  G minus Eel............................. 35.50905 kcal/mol

------------------------------------------------------------------------------------------------
Acceptance criteria
------------------------------------------------------------------------------------------------
  [PASS] 1 workhorse identity
         measured: asked 'gfn2', /home/ubuntu/runs/openQHA/02d_prod/1_16000/1_1000/dsgdb9nsd_000018/crest/input.toml records 'gfn2'
  [PASS] 11 dynamics package written as one
         measured: input.toml has shake=2 tstep=5.0 hmass=2.0 (read from input.toml); this run intended shake=2.0 tstep=5.0 hmass=2.0
  [PASS] 2 cost claim is unambiguous
         measured: wall 236.4 s, reused_scratch=False, wall_is_valid_cost=True
  [PASS] 4 zero imaginary, 6 rigid modes removed, separation > 1e8
         measured: imaginary in basins none; rigid modes [6]; min separation ratio 4.76e+12
  [PASS] 6 reference geometry pooled and located
         measured: pooled 1; landed in basin 0
  [PASS] 7 CREST, pooled and basin counts are three separate numbers that add up
         measured: CREST 4 + pooled 1 = 5 frames -> 1 basins
  [PASS] 9 sigma is a group order and is stable up to the working tolerance
         measured: basins needing a look: none; sigma flips at (A): {0: 0.4}
  [PASS] 10 published dynamics protocol, or a declared fallback
         measured: terminated EARLY 0; shake used 2; fell back False
  [PASS] 12 no merge crossed the energy threshold; criterion recorded
         measured: criterion cregen_three_fold (RMSD < 0.125 Å, |ΔE| < 0.05 kcal/mol, ΔB < 0.01); merges blocked by energy 0, by rotational constants 0; warnings none
  all criteria passed..................... yes
  wall seconds total...................... 251.978921

------------------------------------------------------------------------------------------------
complete record (expanded)
------------------------------------------------------------------------------------------------
    generated by.............................. scripts/production/s0_A_pipeline.py
    branch.................................... A
    qm9 index................................. dsgdb9nsd_000018
    label..................................... dsgdb9nsd_000018
    name...................................... acetone
    identified by............................. qm9_index
    seed geometry............................. -
    smiles.................................... CC(=O)C
    composite notation........................ RI-MP2/cc-pVTZ // MACE-OFF23_medium
  engine:
      engine.................................. MACE-OFF23_medium
      source.................................. https://arxiv.org/abs/2312.15211
      note:
          PRODUCTION DEFAULT since 2026-09-03 (S0-A-16). Most widely used member of the family;
          closest lineage to stage 2 surface.
      weights path:
          /mnt/c/Users/10704/Documents/01_Free-Energy-alchemical/openQHA/data/potentials/MACE-OFF23_medium.model
      bytes................................... 18350596
      interface............................... mace.calculators.MACECalculator
      mace torch version...................... 0.3.16
      mace module path:
          /home/ubuntu/anaconda3/envs/openqha/lib/python3.11/site-packages/mace/__init__.py
      torch version........................... 2.12.1
      dtype................................... float64
    neighbour_list_patch:
        applied............................... yes
        sites: [3 items]
          [0]................................. mace.data.neighborhood.get_neighborhood
          [1]................................. mace.data.get_neighborhood
          [2]................................. mace.data.atomic_data.get_neighborhood
        error................................. -
        what.................................. centre atoms before the neighbour search (aperiodic systems only)
        why:
            an origin-anchored search box loses neighbours far from the origin; see `installed`
            for whether the MACE actually loaded has that defect
      installed:
          module path:
              /home/ubuntu/anaconda3/envs/openqha/lib/python3.11/site-packages/mace/data/neighborhood.py
          sha256.............................. 310af63c0c5b8f5f22dd931107dee6eab8b2ef79fbd3eb27c901d45d01dfb1b4
          sizing.............................. radial max|positions| (translation invariant)
          defect present...................... no
          n edges............................. 12
          error............................... -
          probe shift......................... -8 A
  crest_version:
      version................................. 3.0.2
      commit.................................. 6914a25
  settings:
      workhorse............................... gfn2
      refine.................................. sp
      runtype................................. imtd-gc
      optlev.................................. tight
      shake................................... 2
      tstep fs................................ 5
      hydrogen mass........................... 2 amu
      threads................................. 4
      fmax.................................... 0.0001 eV/A
      dedup rmsd.............................. 0.125 A
      dedup criterion......................... cregen_three_fold
      dedup ethr.............................. 0.05 kcal/mol
      dedup bthr relative..................... 0.01
      hessian mode............................ analytic
      temperature............................. 298.15 K
      symmetry tolerance...................... 0.1 A
    protocol source:
        SHAKE all bonds + 5 fs + hydrogen mass 2 amu: Grimme, JCTC 2019, 15, 2847. iMTD-GC:
        Pracht, Bohle & Grimme, PCCP 2020, 22, 7169. BRANCH A ONLY -- see the module docstring.
  gate:
      smiles.................................. CC(=O)C
      passed.................................. yes
      failed gate............................. -
      reason.................................. passed F0/F1/F3/F4/F5/F7
      gates_enabled: [6 items]
        [0]................................... F0
        [1]................................... F1
        [2]................................... F3
        [3]................................... F4
        [4]................................... F5
        [5]................................... F7
      gate skipped............................ -
      smiles source........................... declared_in_config
  crest:
      workdir................................. /home/ubuntu/runs/openQHA/02d_prod/1_16000/1_1000/dsgdb9nsd_000018/crest
      seconds................................. 236.367331
      returncode.............................. 0
    crest:
        version............................... 3.0.2
        commit................................ 6914a25
      binary.................................. /home/ubuntu/anaconda3/envs/openqha/bin/crest
    settings:
        shake................................. 2
        runtype............................... imtd-gc
        threads............................... 4
        optlev................................ tight
        refine................................ sp
        backend............................... generic
        engine client:
            /mnt/c/Users/10704/Documents/01_Free-Energy-alchemical/openQHA/scripts/production/s0_mace_engrad.py
        workhorse............................. gfn2
        tstep fs.............................. 5
        calcspace............................. -
      terminated normally..................... yes
      n terminated early...................... 0
      n completed successfully................ 36
      total engrad calls...................... 52286
    products:
        crest conformers.xyz.................. 2704
        crest best.xyz........................ 676
        crest rotamers.xyz.................... 21300
      ok...................................... yes
      n cregen nan............................ 0
      n conformers............................ 4
      n energies unparsable................... 0
      n nonfinite energies.................... 0
      n zero energies......................... 0
      energy spread........................... 0.001396
      shake used.............................. 2
      used shake fallback..................... no
      wall.................................... 236.374203 s
      reused scratch.......................... no
      wall is valid cost...................... yes
      ran in.................................. /tmp/openqha_t21_scratch/openqha_crest/dsgdb9nsd_000018
  census:
      name.................................... dsgdb9nsd_000018
      smiles.................................. CC(=O)C
      source.................................. CREST ensemble
    atom_order_check:
        n frames.............................. 5
        n atoms............................... 10
        valence repair........................ -
        atom order is identity................ no
        atom order match: [10 entries]
          0 1 3 2 4 5 6 7 8 9
        how:
            graph isomorphism (rdDetermineBonds.DetermineConnectivity plus substructure
            matching), which **does not look at coordinates** -- geometric assignment has been
            wrong twice in this project (defects 26 and 30)
      n frames in............................. 5
      n not converged......................... 0
      n graph changed......................... 0
      max residual force...................... 7.711132e-05 eV/A
      fmax criterion.......................... 0.0001 eV/A
      opt steps per frame: [5 entries]
        59 65 69 88 22
      opt steps total......................... 303
      tightened energies / eV: [5 entries]
        -5259.49998 -5259.49998 -5259.49998 -5259.49998 -5259.49998
      crest relative.......................... - kcal/mol
      dedup threshold......................... 0.125 A
      dedup criterion......................... cregen_three_fold
      dedup ethr.............................. 0.05 kcal/mol
      dedup bthr relative..................... 0.01
      n merges blocked by energy.............. 0
      n merges blocked by rotational.......... 0
      dedup blocked note:
          How many merges each extra CREGEN condition prevented. Both were zero on OCCC(=O)CO
          and OCCO at 0.125 A -- the first non-zero value is a molecule to look at, not a log
          line.
      dedup metric:
          all-atom best root-mean-square deviation (minimised over the molecular automorphisms)
          -- the same function as the ETKDG route
    duplicate_map:
        1..................................... 2
        0..................................... 2
        3..................................... 2
        4..................................... 2
      merge_energy_warnings: [0 items]
      n saddles rejected...................... 0
      saddles: [0 items]
      n basins................................ 1
      basin conformer ids: [1 entries]
        2
      basin energies / eV: [1 entries]
        -5259.49998
      basin relative / kcal/mol: [1 entries]
        0
    populations:
        kT.................................... 0.592485 kcal/mol
        n within 1kT.......................... 1
        n within 5kT.......................... 1
        boltzmann weights: [1 entries]
          1
        weight of lowest...................... 1
    hessian:
      2:
          n imaginary......................... 0
          hessian mode........................ analytic
          n rigid modes removed............... 6
          separation gap ratio................ 4.764036e+12
          hessian asymmetry................... 1.421085e-14 eV/A^2
          lowest frequency.................... 79.703887 cm^-1
          frequencies / cm^-1: [24 entries]
            79.703887 136.341447 374.525917 486.948057 537.603701 804.972393 884.16207
            895.602239 1077.545038 1116.74603 1241.134338 1384.932505 1397.005292 1455.489148
            1459.889185 1464.576967 1480.908501 1818.790996 3062.83577 3065.978839 3116.405497
            3121.40754 3180.488017 3182.595861
      temperature............................. 298.15 K
    crest_vs_repo:
        n conformers reported by crest........ 4
        n basins by repo criteria............. 1
        n collapsed........................... 4
        max tightening spread................. 3.611418e-07 kcal/mol
        max spread among survivors............ 0 kcal/mol
        note:
            **the conformer count CREST reports is not a basin count** -- both the convergence
            criterion and the deduplication criterion differ. Defect 54: on acetone CREST
            reported 2, and after tightening the energies were identical to the last digit.
        n input frames total.................. 5
        n reference geometries pooled......... 1
      free energy note:
          no free energy was computed -- this molecule's symmetry number sigma and electronic
          degeneracy g0 are not explicitly declared in the configuration. This repository
          requires that they never be derived automatically, so only the basin list and the
          Boltzmann weights are given here.
      n frames from crest..................... 4
      n reference geometries pooled........... 1
    reference_geometry_basin:
        basin index........................... 0
        conformer id.......................... 2
        was merged............................ yes
    basins: [1 items]
    [0]:
        basin index........................... 0
        energy................................ -5259.49998 eV
        relative.............................. 0 kcal/mol
      symmetry:
          sigma............................... 2
          sigma source........................ declared_in_config
          tolerance........................... 0.1 A
          n proper............................ 2
          n improper.......................... 2
          n graph automorphisms............... 72
          graph automorphism note:
              Candidate pool only. Reporting this as sigma is what D0-9 forbids: for ethane it
              is 18 against a true sigma of 6.
          max accepted rmsd................... 1.048312e-05 A
          min rejected rmsd................... 0.32669 A
          margin.............................. 0.32668 A
        tolerance_sweep:
          0.01:
              sigma........................... 2
              n improper...................... 2
          0.02:
              sigma........................... 2
              n improper...................... 2
          0.05:
              sigma........................... 2
              n improper...................... 2
          0.1:
              sigma........................... 2
              n improper...................... 2
          0.2:
              sigma........................... 2
              n improper...................... 2
          0.4:
              sigma........................... 14
              n improper...................... 10
          sigma stable below tolerance........ yes
          sigma flip tolerance................ 0.4 A
          sigma stable over whole sweep....... no
          sigma values over sweep: [2 entries]
            2 14
          group closure defect................ 0
          pymsym point group.................. C2v
          pymsym sigma........................ 2
          pymsym note:
              pymsym returns 'C1' both for a genuine C1 and for an internal libmsym failure; on
              a geometry displaced from ideal by 0.005 A it already returns C1 for acetone.
              Label only, never the production source of sigma.
          declared sigma...................... 2
          agrees with declaration............. yes
          detected sigma...................... 2
        electronic degeneracy................. 1
        electronic degeneracy source.......... declared_in_config
      thermo:
          temperature......................... 298.15 K
          pressure............................ 100000 Pa
        vibrational:
            A vib............................. 51.286333 kcal/mol
            E vib............................. 54.216095 kcal/mol
            S vib kcal per.................... 0.009826 K
            ZPE............................... 52.646244 kcal/mol
            n modes........................... 24
            lowest frequency.................. 79.703887 cm^-1
        rotational:
            A rot............................. -5.891661 kcal/mol
            q rot............................. 20826.564421
            symmetry number................... 2
            moments amu / A^2: [3 entries]
              49.59325 58.71264 102.107206
            rotational constants / cm^-1: [3 entries]
              0.339918 0.287121 0.165097
            rotational temperatures / K: [3 entries]
              0.489066 0.413103 0.237538
            E rot............................. 0.888727 kcal/mol
            S rot kcal per.................... 0.022742 K
            T over theta max.................. 609.631653
        translational:
            value............................. -10.478106 kcal/mol
            kind.............................. helmholtz
            thermal wavelength................ 0.132669 A
            volume per molecule A3............ 41164.049935
            mass.............................. 58.08 amu
            pressure.......................... 100000 Pa
        electronic:
            A elec............................ -0 kcal/mol
            degeneracy........................ 1
          A minus Eel......................... 34.916565 kcal/mol
          pV.................................. 0.592485 kcal/mol
          G minus Eel......................... 35.50905 kcal/mol
        lowest frequency...................... 79.703887 cm^-1
        n imaginary........................... 0
  machine:
      loadavg 1min............................ 2.851074
      loadavg 5min............................ 2.467773
      loadavg 15min........................... 2.331543
      cpu count............................... 16
      node.................................... Sherwin
    wall seconds total........................ 251.978921
    criteria: [9 rows]
      number                                                              criterion  passed                                                                                                                                               detail
                                                                                                                                                                                                                                                
           1                                                     workhorse identity     yes                                     asked 'gfn2', /home/ubuntu/runs/openQHA/02d_prod/1_16000/1_1000/dsgdb9nsd_000018/crest/input.toml records 'gfn2'
          11                                        dynamics package written as one     yes                                   input.toml has shake=2 tstep=5.0 hmass=2.0 (read from input.toml); this run intended shake=2.0 tstep=5.0 hmass=2.0
           2                                              cost claim is unambiguous     yes                                                                                          wall 236.4 s, reused_scratch=False, wall_is_valid_cost=True
           4                zero imaginary, 6 rigid modes removed, separation > 1e8     yes                                                                             imaginary in basins none; rigid modes [6]; min separation ratio 4.76e+12
           6                                  reference geometry pooled and located     yes                                                                                                                          pooled 1; landed in basin 0
           7  CREST, pooled and basin counts are three separate numbers that add up     yes                                                                                                            CREST 4 + pooled 1 = 5 frames -> 1 basins
           9       sigma is a group order and is stable up to the working tolerance     yes                                                                                            basins needing a look: none; sigma flips at (A): {0: 0.4}
          10                    published dynamics protocol, or a declared fallback     yes                                                                                                    terminated EARLY 0; shake used 2; fell back False
          12              no merge crossed the energy threshold; criterion recorded     yes  criterion cregen_three_fold (RMSD < 0.125 Å, |ΔE| < 0.05 kcal/mol, ΔB < 0.01); merges blocked by energy 0, by rotational constants 0; warnings none
    all criteria passed....................... yes
    molecule dir.............................. /home/ubuntu/runs/openQHA/02d_prod/1_16000/1_1000/dsgdb9nsd_000018
  mace:
      folder.................................. /home/ubuntu/runs/openQHA/02d_prod/1_16000/1_1000/dsgdb9nsd_000018/mace
      basins: [1 items]
        [0]:
            /home/ubuntu/runs/openQHA/02d_prod/1_16000/1_1000/dsgdb9nsd_000018/mace/basin00/basin.extxyz
      hessians: [1 items]
        [0]:
            /home/ubuntu/runs/openQHA/02d_prod/1_16000/1_1000/dsgdb9nsd_000018/mace/basin00/hessian.npy
    output dir................................ /home/ubuntu/runs/openQHA/02d_prod/1_16000/1_1000/dsgdb9nsd_000018/_records
    tag....................................... 02d_prod

------------------------------------------------------------------------------------------------
generated 2026-09-15 23:26:32 by openqha.report  (stage 0)
this file is the Report, laid out for people (numbers truncated to a fixed number of places); what a program reads back, at full float64 precision, is the Property file (.toml) or the Table (.dat) of the same stem.
------------------------------------------------------------------------------------------------

openQHA branch A terminated normally
